******************************************************************************
                  TI ARM Linker PC v20.2.5                     
******************************************************************************
>> Linked Tue Oct 11 17:26:45 2022

OUTPUT FILE NAME:   <empty_CC2650STK_TI.out>
ENTRY POINT SYMBOL: "ResetISR"  address: 00006761


MEMORY CONFIGURATION

         name            origin    length      used     unused   attr    fill
----------------------  --------  ---------  --------  --------  ----  --------
  FLASH                 00000000   00020000  00008040  00017fc0  R  X
  SRAM                  20000000   00005000  000026d7  00002929  RW X


SEGMENT ALLOCATION MAP

run origin  load origin   length   init length attrs members
----------  ----------- ---------- ----------- ----- -------
00000000    00000000    0000003c   0000003c    r--
  00000000    00000000    0000003c   0000003c    r-- .resetVecs
00000100    00000100    00007fc0   00007fc0    r-x
  00000100    00000100    0000003c   0000003c    r-- .const:ti_sysbios_knl_Task_Object__PARAMS__C
  0000013c    0000013c    00000034   00000034    r-- .const:ti_sysbios_knl_Mailbox_Object__PARAMS__C
  00000170    00000170    00000030   00000030    r-- .const:ti_sysbios_family_arm_m3_Hwi_Object__PARAMS__C
  000001a0    000001a0    0000002c   0000002c    r-- .const:ti_sysbios_hal_Hwi_Object__PARAMS__C
  000001cc    000001cc    00000028   00000028    r-- .const:ti_sysbios_heaps_HeapMem_Module__FXNS__C
  000001f4    000001f4    00000028   00000028    r-- .const:ti_sysbios_knl_Swi_Object__PARAMS__C
  0000021c    0000021c    00000024   00000024    r-- .const:ti_sysbios_gates_GateHwi_Module__FXNS__C
  00000240    00000240    00000024   00000024    r-- .const:ti_sysbios_gates_GateMutex_Module__FXNS__C
  00000264    00000264    00000024   00000024    r-- .const:ti_sysbios_heaps_HeapMem_Object__PARAMS__C
  00000288    00000288    00000024   00000024    r-- .const:ti_sysbios_knl_Clock_Object__PARAMS__C
  000002ac    000002ac    00000024   00000024    r-- .const:ti_sysbios_knl_Semaphore_Object__PARAMS__C
  000002d0    000002d0    00000020   00000020    r-- .const:ti_sysbios_family_arm_m3_Hwi_Object__DESC__C
  000002f0    000002f0    00000020   00000020    r-- .const:ti_sysbios_gates_GateHwi_Object__DESC__C
  00000310    00000310    00000020   00000020    r-- .const:ti_sysbios_gates_GateMutex_Object__DESC__C
  00000330    00000330    00000020   00000020    r-- .const:ti_sysbios_hal_Hwi_Object__DESC__C
  00000350    00000350    00000020   00000020    r-- .const:ti_sysbios_heaps_HeapMem_Object__DESC__C
  00000370    00000370    00000020   00000020    r-- .const:ti_sysbios_knl_Clock_Object__DESC__C
  00000390    00000390    00000020   00000020    r-- .const:ti_sysbios_knl_Mailbox_Object__DESC__C
  000003b0    000003b0    00000020   00000020    r-- .const:ti_sysbios_knl_Queue_Object__DESC__C
  000003d0    000003d0    00000020   00000020    r-- .const:ti_sysbios_knl_Semaphore_Object__DESC__C
  000003f0    000003f0    00000020   00000020    r-- .const:ti_sysbios_knl_Swi_Object__DESC__C
  00000410    00000410    00000020   00000020    r-- .const:ti_sysbios_knl_Task_Object__DESC__C
  00000430    00000430    00000018   00000018    r-- .const:ti_sysbios_gates_GateHwi_Object__PARAMS__C
  00000448    00000448    00000018   00000018    r-- .const:ti_sysbios_gates_GateMutex_Object__PARAMS__C
  00000460    00000460    00000018   00000018    r-- .const:ti_sysbios_knl_Queue_Object__PARAMS__C
  00000478    00000478    00000008   00000008    r-- .const:ti_sysbios_knl_Idle_funcList__C
  00000484    00000484    00000004   00000004    r-- .const:ti_sysbios_family_arm_cc26xx_Timer_startupNeeded__C
  00000488    00000488    00000004   00000004    r-- .const:ti_sysbios_family_arm_m3_Hwi_E_alreadyDefined__C
  0000048c    0000048c    00000004   00000004    r-- .const:ti_sysbios_family_arm_m3_Hwi_E_hwiLimitExceeded__C
  00000490    00000490    00000004   00000004    r-- .const:ti_sysbios_family_arm_m3_Hwi_NUM_INTERRUPTS__C
  00000494    00000494    00000004   00000004    r-- .const:ti_sysbios_family_arm_m3_Hwi_Object__count__C
  00000498    00000498    00000004   00000004    r-- .const:ti_sysbios_family_arm_m3_Hwi_Object__table__C
  0000049c    0000049c    00000004   00000004    r-- .const:ti_sysbios_family_arm_m3_Hwi_ccr__C
  000004a0    000004a0    00000004   00000004    r-- .const:ti_sysbios_family_arm_m3_Hwi_excHandlerFunc__C
  000004a4    000004a4    00000004   00000004    r-- .const:ti_sysbios_family_arm_m3_Hwi_nullIsrFunc__C
  000004a8    000004a8    00000004   00000004    r-- .const:ti_sysbios_family_arm_m3_Hwi_numSparseInterrupts__C
  000004ac    000004ac    00000004   00000004    r-- .const:ti_sysbios_family_arm_m3_Hwi_priGroup__C
  000004b0    000004b0    00000004   00000004    r-- .const:ti_sysbios_family_arm_m3_TaskSupport_stackAlignment__C
  000004b4    000004b4    00000004   00000004    r-- .const:ti_sysbios_heaps_HeapMem_E_memory__C
  000004b8    000004b8    00000004   00000004    r-- .const:ti_sysbios_heaps_HeapMem_Module__gateObj__C
  000004bc    000004bc    00000004   00000004    r-- .const:ti_sysbios_heaps_HeapMem_Object__count__C
  000004c0    000004c0    00000004   00000004    r-- .const:ti_sysbios_heaps_HeapMem_Object__table__C
  000004c4    000004c4    00000004   00000004    r-- .const:ti_sysbios_heaps_HeapMem_reqAlign__C
  000004c8    000004c8    00000004   00000004    r-- .const:ti_sysbios_knl_Clock_serviceMargin__C
  000004cc    000004cc    00000004   00000004    r-- .const:ti_sysbios_knl_Mailbox_Object__count__C
  000004d0    000004d0    00000004   00000004    r-- .const:ti_sysbios_knl_Mailbox_Object__table__C
  000004d4    000004d4    00000004   00000004    r-- .const:ti_sysbios_knl_Queue_Object__count__C
  000004d8    000004d8    00000004   00000004    r-- .const:ti_sysbios_knl_Queue_Object__table__C
  000004dc    000004dc    00000004   00000004    r-- .const:ti_sysbios_knl_Swi_Object__count__C
  000004e0    000004e0    00000004   00000004    r-- .const:ti_sysbios_knl_Swi_Object__table__C
  000004e4    000004e4    00000004   00000004    r-- .const:ti_sysbios_knl_Swi_numPriorities__C
  000004e8    000004e8    00000004   00000004    r-- .const:ti_sysbios_knl_Task_Object__count__C
  000004ec    000004ec    00000004   00000004    r-- .const:ti_sysbios_knl_Task_Object__table__C
  000004f0    000004f0    00000004   00000004    r-- .const:ti_sysbios_knl_Task_allBlockedFunc__C
  000004f4    000004f4    00000004   00000004    r-- .const:ti_sysbios_knl_Task_defaultStackHeap__C
  000004f8    000004f8    00000004   00000004    r-- .const:ti_sysbios_knl_Task_defaultStackSize__C
  000004fc    000004fc    00000004   00000004    r-- .const:ti_sysbios_knl_Task_numConstructedTasks__C
  00000502    00000502    00000002   00000002    r-- .const:ti_sysbios_family_arm_cc26xx_Timer_Module__id__C
  00000504    00000504    00000002   00000002    r-- .const:ti_sysbios_family_arm_cc26xx_TimestampProvider_useClockTimer__C
  00000506    00000506    00000002   00000002    r-- .const:ti_sysbios_family_arm_m3_Hwi_Module__id__C
  00000508    00000508    00000002   00000002    r-- .const:ti_sysbios_gates_GateHwi_Module__id__C
  0000050a    0000050a    00000002   00000002    r-- .const:ti_sysbios_gates_GateMutex_Module__id__C
  0000050c    0000050c    00000002   00000002    r-- .const:ti_sysbios_heaps_HeapMem_Module__id__C
  0000050e    0000050e    00000002   00000002    r-- .const:ti_sysbios_knl_Task_initStackFlag__C
  00000510    00000510    00000001   00000001    r-- .const:ti_sysbios_knl_Clock_tickMode__C
  00000514    00000514    00000008   00000008    r-- .const:xdc_runtime_Startup_firstFxns__C
  0000051c    0000051c    00000008   00000008    r-- .const:xdc_runtime_Startup_lastFxns__C
  00000524    00000524    00000004   00000004    r-- .const:xdc_runtime_Assert_E_assertFailed__C
  00000528    00000528    00000004   00000004    r-- .const:xdc_runtime_Error_E_memory__C
  0000052c    0000052c    00000004   00000004    r-- .const:xdc_runtime_Error_policyFxn__C
  00000530    00000530    00000004   00000004    r-- .const:xdc_runtime_IGateProvider_Interface__BASE__C
  00000534    00000534    00000004   00000004    r-- .const:xdc_runtime_IHeap_Interface__BASE__C
  00000538    00000538    00000004   00000004    r-- .const:xdc_runtime_IModule_Interface__BASE__C
  0000053c    0000053c    00000004   00000004    r-- .const:xdc_runtime_Main_Module__diagsEnabled__C
  00000540    00000540    00000004   00000004    r-- .const:xdc_runtime_Main_Module__diagsIncluded__C
  00000544    00000544    00000004   00000004    r-- .const:xdc_runtime_Main_Module__diagsMask__C
  00000548    00000548    00000004   00000004    r-- .const:xdc_runtime_Memory_defaultHeapInstance__C
  0000054c    0000054c    00000004   00000004    r-- .const:xdc_runtime_Startup_execImpl__C
  00000550    00000550    00000004   00000004    r-- .const:xdc_runtime_Startup_maxPasses__C
  00000554    00000554    00000004   00000004    r-- .const:xdc_runtime_Startup_sfxnRts__C
  00000558    00000558    00000004   00000004    r-- .const:xdc_runtime_Startup_sfxnTab__C
  0000055c    0000055c    00000004   00000004    r-- .const:xdc_runtime_Startup_startModsFxn__C
  00000560    00000560    00000004   00000004    r-- .const:xdc_runtime_SysCallback_abortFxn__C
  00000564    00000564    00000004   00000004    r-- .const:xdc_runtime_SysCallback_exitFxn__C
  00000568    00000568    00000004   00000004    r-- .const:xdc_runtime_System_abortFxn__C
  0000056c    0000056c    00000004   00000004    r-- .const:xdc_runtime_System_exitFxn__C
  00000570    00000570    00000004   00000004    r-- .const:xdc_runtime_System_maxAtexitHandlers__C
  00000574    00000574    00000004   00000004    r-- .const:xdc_runtime_Text_charTab__C
  00000578    00000578    00000004   00000004    r-- .const:xdc_runtime_Text_nameEmpty__C
  0000057c    0000057c    00000004   00000004    r-- .const:xdc_runtime_Text_nameStatic__C
  00000580    00000580    00000004   00000004    r-- .const:xdc_runtime_Text_nameUnknown__C
  00000584    00000584    00000002   00000002    r-- .const:xdc_runtime_Main_Module__id__C
  00000586    00000586    00000002   00000002    r-- .const:xdc_runtime_Memory_Module__id__C
  00000588    00000588    00000002   00000002    r-- .const:xdc_runtime_Text_charCnt__C
  0000058a    0000058a    00000002   00000002    r-- .const:xdc_runtime_Text_isLoaded__C
  0000058c    0000058c    00000001   00000001    r-- .const:xdc_runtime_Error_policy__C
  00000590    00000590    00000004   00000004    r-- .const:ti_sysbios_rom_ROM_AONRTCChannelEnable
  00000594    00000594    00000004   00000004    r-- .const:ti_sysbios_rom_ROM_AONRTCCompareValueSet
  00000598    00000598    00000004   00000004    r-- .const:ti_sysbios_rom_ROM_AONRTCCurrentCompareValueGet
  0000059c    0000059c    00000004   00000004    r-- .const:ti_sysbios_rom_ROM_AONRTCEventClear
  000005a0    000005a0    00000004   00000004    r-- .const:ti_sysbios_rom_ROM_ti_sysbios_family_arm_cc26xx_Timer_getCount64__E
  000005a4    000005a4    00000004   00000004    r-- .const:ti_sysbios_rom_ROM_ti_sysbios_family_arm_cc26xx_Timer_getCurrentTick__E
  000005a8    000005a8    00000004   00000004    r-- .const:ti_sysbios_rom_ROM_ti_sysbios_family_arm_cc26xx_Timer_getMaxTicks__E
  000005ac    000005ac    00000004   00000004    r-- .const:ti_sysbios_rom_ROM_ti_sysbios_family_arm_cc26xx_Timer_initDevice__I
  000005b0    000005b0    00000004   00000004    r-- .const:ti_sysbios_rom_ROM_ti_sysbios_family_arm_cc26xx_Timer_setNextTick__E
  000005b4    000005b4    00000004   00000004    r-- .const:ti_sysbios_rom_ROM_ti_sysbios_family_arm_cc26xx_Timer_setThreshold__I
  000005b8    000005b8    00000004   00000004    r-- .const:ti_sysbios_rom_ROM_ti_sysbios_family_arm_cc26xx_Timer_start__E
  000005bc    000005bc    00000004   00000004    r-- .const:ti_sysbios_rom_ROM_ti_sysbios_family_arm_cc26xx_TimestampProvider_get32__E
  000005c0    000005c0    00000004   00000004    r-- .const:ti_sysbios_rom_ROM_xdc_runtime_Startup_getState__I
  000005c4    000005c4    00000004   00000004    r-- .const:ti_sysbios_rom_ROM_xdc_runtime_System_SupportProxy_abort__E
  000005c8    000005c8    00000004   00000004    r-- .const:ti_sysbios_rom_ROM_xdc_runtime_System_SupportProxy_exit__E
  000005cc    000005cc    00000004   00000004    r-- .const:ti_sysbios_gates_GateMutex_Instance_State_sem__O
  000005d0    000005d0    00000004   00000004    r-- .const:ti_sysbios_knl_Clock_Module_State_clockQ__O
  000005d4    000005d4    00000004   00000004    r-- .const:ti_sysbios_knl_Mailbox_Instance_State_dataQue__O
  000005d8    000005d8    00000004   00000004    r-- .const:ti_sysbios_knl_Mailbox_Instance_State_dataSem__O
  000005dc    000005dc    00000004   00000004    r-- .const:ti_sysbios_knl_Mailbox_Instance_State_freeQue__O
  000005e0    000005e0    00000004   00000004    r-- .const:ti_sysbios_knl_Mailbox_Instance_State_freeSem__O
  000005e4    000005e4    00000004   00000004    r-- .const:ti_sysbios_knl_Semaphore_Instance_State_pendQ__O
  000005e8    000005e8    00000004   00000004    r-- .const:ti_sysbios_knl_Task_Module_State_inactiveQ__O
  000005ec    000005ec    000073f0   000073f0    r-x .text
  000079e0    000079e0    00000444   00000444    r-- .const
  00007e28    00007e28    00000298   00000298    r-- .cinit
0001ffa8    0001ffa8    00000058   00000058    r--
  0001ffa8    0001ffa8    00000058   00000058    r-- .ccfg
20000100    20000100    0000231a   00000000    rw-
  20000100    20000100    00000044   00000000    rw- .data:ti_sysbios_knl_Task_Module__state__V
  20000144    20000144    00000034   00000000    rw- .data:ti_sysbios_family_arm_m3_Hwi_Module__state__V
  20000178    20000178    0000002c   00000000    rw- .data:ti_sysbios_knl_Clock_Module__state__V
  200001a4    200001a4    00000024   00000000    rw- .data:ti_sysbios_BIOS_Module__state__V
  200001c8    200001c8    0000001c   00000000    rw- .data:ti_sysbios_knl_Swi_Module__state__V
  200001e4    200001e4    00000008   00000000    rw- .data:ti_sysbios_family_arm_cc26xx_Timer_Module__state__V
  200001ec    200001ec    00000004   00000000    rw- .data:ti_sysbios_family_arm_cc26xx_TimestampProvider_Module__state__V
  200001f0    200001f0    00000008   00000000    rw- .data:xdc_runtime_Startup_Module__state__V
  200001f8    200001f8    00000008   00000000    rw- .data:xdc_runtime_System_Module__state__V
  20000200    20000200    00000004   00000000    rw- .data:xdc_runtime_Memory_Module__state__V
  20000208    20000208    00001df1   00000000    rw- .bss
  20002000    20002000    0000041a   00000000    rw- .data
20004d00    20004d00    00000300   00000000    rw-
  20004d00    20004d00    00000300   00000000    rw- .stack


SECTION ALLOCATION MAP

 output                                  attributes/
section   page    origin      length       input sections
--------  ----  ----------  ----------   ----------------
.text      0    000005ec    000073f0     
                  000005ec    00000a4e     rtsv7M3_T_le_eabi.lib : _printfi.c.obj (.text:__TI_printfi)
                  0000103a    00000002                           : _lock.c.obj (.text:_nop)
                  0000103c    000009c4                           : e_pow.c.obj (.text:pow)
                  00001a00    0000033c     rom_sysbios.aem3 : rom_sysbios.obj (.text:xdc_runtime_System_doPrint__I)
                  00001d3c    00000260     rtsv7M3_T_le_eabi.lib : _printfi.c.obj (.text:_pconv_a)
                  00001f9c    00000228     drivers_cc26xxware.aem3 : PowerCC26XX.oem3 (.text:Power_sleep)
                  000021c4    00000204     driverlib.lib : sys_ctrl.obj (.text:NOROM_SysCtrlSetRechargeBeforePowerDown)
                  000023c8    000001fc     CWC_CC2650_154Drv.obj (.text:CWC_CC2650_154_Init)
                  000025c4    000001d0     drivers_cc26xxware.aem3 : PowerCC26XX_calibrateRCOSC.oem3 (.text:calibrateRcoscHf1)
                  00002794    000001cc     rtsv7M3_T_le_eabi.lib : _printfi.c.obj (.text:_pconv_g)
                  00002960    000001c4     drivers_cc26xxware.aem3 : PINCC26XX.oem3 (.text:PIN_init)
                  00002b24    000001b6     rtsv7M3_T_le_eabi.lib : fd_add_t2.asm.obj (.text)
                  00002cda    00000002     drivers_cc26xxware.aem3 : PowerCC26XX.oem3 (.text:emptyClockFunc)
                  00002cdc    000001a0                             : UARTCC26XX.oem3 (.text:UARTCC26XX_open)
                  00002e7c    00000198     project_main.obj (.text:main)
                  00003014    00000184     drivers_cc26xxware.aem3 : PowerCC26XX_calibrateRCOSC.oem3 (.text:PowerCC26XX_doCalibrate)
                  00003198    00000170     rtsv7M3_T_le_eabi.lib : e_sqrt.c.obj (.text:sqrt)
                  00003308    0000013c                           : _printfi.c.obj (.text:_pconv_e)
                  00003444    00000136                           : fd_div_t2.asm.obj (.text)
                  0000357a    00000002                           : div0.asm.obj (.text)
                  0000357c    00000130     driverlib.lib : setup_rom.obj (.text:NOROM_SetupAfterColdResetWakeupFromShutDownCfg3)
                  000036ac    00000120     rtsv7M3_T_le_eabi.lib : _printfi.c.obj (.text:fcvt)
                  000037cc    0000011c     drivers_cc26xxware.aem3 : PowerCC26XX.oem3 (.text:Power_init)
                  000038e8    0000011c                             : UARTCC26XX.oem3 (.text:UARTCC26XX_read)
                  00003a04    00000110                             : UARTCC26XX.oem3 (.text:UARTCC26XX_hwiIntFxn)
                  00003b14    000000fc     comm_lib.obj (.text:Init6LoWPAN)
                  00003c10    000000fc     drivers_cc26xxware.aem3 : UARTCC26XX.oem3 (.text:UARTCC26XX_write)
                  00003d0c    000000fc     rtsv7M3_T_le_eabi.lib : fd_mul_t2.asm.obj (.text)
                  00003e08    000000f8     drivers_cc26xxware.aem3 : I2CCC26XX.oem3 (.text:I2CCC26XX_open)
                  00003f00    000000f8     empty_pem3.oem3 (.text:xdc_runtime_System_printfExtend__I)
                  00003ff8    000000e8     drivers_cc26xxware.aem3 : I2CCC26XX.oem3 (.text:I2CCC26XX_hwiFxn)
                  000040e0    000000e4     driverlib.lib : setup_rom.obj (.text:NOROM_SetupAfterColdResetWakeupFromShutDownCfg2)
                  000041c4    000000e0     drivers_cc26xxware.aem3 : PINCC26XX.oem3 (.text:PINCC26XX_setIoCfg)
                  000042a4    000000e0     opt3001.obj (.text:opt3001_get_data)
                  00004384    000000d4     power_cc26xx_tirtos.aem3 : PowerCC26XX_tirtos.oem3 (.text:PowerCC26XX_standbyPolicy)
                  00004458    000000d4     drivers_cc26xxware.aem3 : PowerCC26XX.oem3 (.text:Power_releaseDependency)
                  0000452c    000000d0                             : PowerCC26XX.oem3 (.text:Power_setDependency)
                  000045fc    000000d0     rtsv7M3_T_le_eabi.lib : s_scalbn.c.obj (.text:scalbn)
                  000046cc    000000c8     drivers_cc26xxware.aem3 : UARTCC26XX.oem3 (.text:UARTCC26XX_initHw)
                  00004794    000000c8     project_main.obj (.text:uartTaskFxn)
                  0000485c    000000c2     drivers_cc26xxware.aem3 : I2CCC26XX.oem3 (.text:I2CCC26XX_transfer)
                  0000491e    00000002     rom_sysbios.aem3 : rom_sysbios.obj (.text:ti_sysbios_BIOS_linkedWithIncorrectBootLibrary__E)
                  00004920    000000bc     driverlib.lib : setup.obj (.text:TrimAfterColdResetWakeupFromShutDown)
                  000049dc    000000b1     rtsv7M3_T_le_eabi.lib : _printfi.c.obj (.text:_ltostr)
                  00004a8d    00000001     --HOLE-- [fill = 0]
                  00004a8e    00000002     empty_pem3.oem3 (.text:ti_sysbios_BIOS_nullFunc__I)
                  00004a90    000000a8     driverlib.lib : setup.obj (.text:NOROM_SetupTrimDevice)
                  00004b38    000000a0     auto_init.aem3 : auto_init.oem3 (.text)
                  00004bd8    0000009e     rom_sysbios.aem3 : rom_sysbios.obj (.text:xdc_runtime_Text_putSite__E)
                  00004c76    0000009c     rtsv7M3_T_le_eabi.lib : memcpy_t2.asm.obj (.text)
                  00004d12    00000002     rom_sysbios.aem3 : rom_sysbios.obj (.text:ti_sysbios_knl_Clock_triggerFunc__I)
                  00004d14    00000098                      : rom_sysbios.obj (.text:ti_sysbios_knl_Clock_workFuncDynamic__E)
                  00004dac    00000096     rtsv7M3_T_le_eabi.lib : ull_div_t2.asm.obj (.text)
                  00004e42    00000002     rom_sysbios.aem3 : rom_sysbios.obj (.text:xdc_runtime_SysCallback_defaultAbort)
                  00004e44    00000094     drivers_cc26xxware.aem3 : PINCC26XX.oem3 (.text:PIN_open)
                  00004ed8    00000094                             : UARTCC26XX.oem3 (.text:writeFinishedDoCallback)
                  00004f6c    00000094     rom_sysbios.aem3 : rom_sysbios.obj (.text:xdc_runtime_Text_putMod__E)
                  00005000    00000090     drivers_cc26xxware.aem3 : I2CCC26XX.oem3 (.text:I2CCC26XX_cancel)
                  00005090    00000090                             : PowerCC26XX.oem3 (.text:switchXOSCHFclockFunc)
                  00005120    0000008c                             : I2CCC26XX.oem3 (.text:I2CCC26XX_primeTransfer)
                  000051ac    0000008c                             : UARTCC26XX.oem3 (.text:UARTCC26XX_initIO)
                  00005238    0000008c                             : UARTCC26XX.oem3 (.text:UARTCC26XX_writeCancel)
                  000052c4    00000086     rtsv7M3_T_le_eabi.lib : fd_cmp_t2.asm.obj (.text:__aeabi_cdcmple)
                  0000534a    00000086                           : fd_cmp_t2.asm.obj (.text:__aeabi_cdrcmple)
                  000053d0    00000084     project_main.obj (.text:sensorTaskFxn)
                  00005454    00000082     opt3001.obj (.text:opt3001_setup)
                  000054d6    00000002     rom_sysbios.aem3 : rom_sysbios.obj (.text:xdc_runtime_SysCallback_defaultExit)
                  000054d8    00000080     comm_lib.obj (.text:Radio_IRQ)
                  00005558    0000007c     drivers_cc26xxware.aem3 : PowerCC26XX.oem3 (.text:disableLFClockQualifiers)
                  000055d4    0000007a     rtsv7M3_T_le_eabi.lib : memset_t2.asm.obj (.text)
                  0000564e    00000002     --HOLE-- [fill = 0]
                  00005650    00000078     driverlib.lib : setup_rom.obj (.text:NOROM_SetupAfterColdResetWakeupFromShutDownCfg1)
                  000056c8    00000078     drivers_cc26xxware.aem3 : UARTCC26XX.oem3 (.text:UARTCC26XX_close)
                  00005740    00000074                             : PowerCC26XX_calibrateRCOSC.oem3 (.text:PowerCC26XX_auxISR)
                  000057b4    00000074                             : PowerCC26XX_calibrateRCOSC.oem3 (.text:calibrateRcoscHf2)
                  00005828    00000074     rom_sysbios.aem3 : rom_sysbios.obj (.text:ti_sysbios_family_arm_cc26xx_Timer_start__E)
                  0000589c    00000074     drivers_cc26xxware.aem3 : UARTCC26XX.oem3 (.text:writeTxFifoFlush)
                  00005910    00000070     driverlib.lib : chipinfo.obj (.text:NOROM_ChipInfo_GetHwRevision)
                  00005980    0000006e     rtsv7M3_T_le_eabi.lib : _printfi.c.obj (.text:_mcpy)
                  000059ee    00000002     --HOLE-- [fill = 0]
                  000059f0    0000006d     rom_sysbios.aem3 : rom_sysbios.obj (.text:xdc_runtime_System_formatNum__I)
                  00005a5d    00000003     --HOLE-- [fill = 0]
                  00005a60    0000006c     driverlib.lib : setup_rom.obj (.text:NOROM_SetupGetTrimForAmpcompCtrl)
                  00005acc    0000006c     drivers_cc26xxware.aem3 : PowerCC26XX.oem3 (.text:PowerCC26XX_calibrate)
                  00005b38    0000006c                             : UARTCC26XX.oem3 (.text:UARTCC26XX_readCancel)
                  00005ba4    00000068     driverlib.lib : setup_rom.obj (.text:NOROM_SetupGetTrimForAnabypassValue1)
                  00005c0c    00000068                   : sys_ctrl.obj (.text:NOROM_SysCtrl_DCDC_VoltageConditionalControl)
                  00005c74    00000068     rtsv7M3_T_le_eabi.lib : copy_decompress_lzss.c.obj (.text:decompress:lzss:__TI_decompress_lzss)
                  00005cdc    00000064     drivers_cc26xxware.aem3 : I2CCC26XX.oem3 (.text:I2CCC26XX_close)
                  00005d40    00000064                             : I2CCC26XX.oem3 (.text:I2CCC26XX_initIO)
                  00005da4    00000064                             : UARTCC26XX.oem3 (.text:UARTCC26XX_control)
                  00005e08    00000060                             : PowerCC26XX_calibrateRCOSC.oem3 (.text:PowerCC26XX_RCOSC_clockFunc)
                  00005e68    00000060                             : PowerCC26XX_calibrateRCOSC.oem3 (.text:updateSubSecInc)
                  00005ec8    0000005c     driverlib.lib : osc.obj (.text:NOROM_OSCHF_AttemptToSwitchToXosc)
                  00005f24    0000005c                   : sys_ctrl.obj (.text:NOROM_SysCtrlAdjustRechargeAfterPowerDown)
                  00005f80    0000005c     drivers_cc26xxware.aem3 : PINCC26XX.oem3 (.text:PIN_remove)
                  00005fdc    0000005c     rtsv7M3_T_le_eabi.lib : s_frexp.c.obj (.text:frexp)
                  00006038    0000005c     empty_pem3.oem3 (.text:xdc_runtime_Startup_getState__I)
                  00006094    0000005b     rom_sysbios.aem3 : rom_sysbios.obj (.text:xdc_runtime_Text_putLab__E)
                  000060ef    00000001     --HOLE-- [fill = 0]
                  000060f0    00000058     rtsv7M3_T_le_eabi.lib : hostwrite.c.obj (.text:HOSTwrite)
                  00006148    00000058     drivers_cc26xxware.aem3 : I2CCC26XX.oem3 (.text:I2CCC26XX_swiFxn)
                  000061a0    00000058                             : PowerCC26XX_calibrateRCOSC.oem3 (.text:PowerCC26XX_initiateCalibration)
                  000061f8    00000056     rtsv7M3_T_le_eabi.lib : _printfi.c.obj (.text:_pconv_f)
                  0000624e    00000002     --HOLE-- [fill = 0]
                  00006250    00000054     CWC_CC2650_154Drv.obj (.text:RFCCPE1IntHandler)
                  000062a4    00000054     rtsv7M3_T_le_eabi.lib : _ltoa.c.obj (.text:__TI_ltoa)
                  000062f8    00000054     drivers_cc26xxware.aem3 : PowerCC26XX.oem3 (.text:configureXOSCHF)
                  0000634c    00000052     rtsv7M3_T_le_eabi.lib : _printfi.c.obj (.text:_ecpy)
                  0000639e    00000002     --HOLE-- [fill = 0]
                  000063a0    00000050     driverlib.lib : setup_rom.obj (.text:NOROM_SetupSetCacheModeAccordingToCcfgSetting)
                  000063f0    0000004c                   : osc.obj (.text:NOROM_OSCClockSourceSet)
                  0000643c    0000004c     rtsv7M3_T_le_eabi.lib : atoi.c.obj (.text:atoi)
                  00006488    0000004c                           : cpy_tbl.c.obj (.text:copy_in)
                  000064d4    0000004c     drivers_cc26xxware.aem3 : UARTCC26XX.oem3 (.text:startTxFifoEmptyClk)
                  00006520    00000048                             : I2CCC26XX.oem3 (.text:I2CCC26XX_initHw)
                  00006568    00000048     driverlib.lib : chipinfo.obj (.text:NOROM_ChipInfo_GetChipFamily)
                  000065b0    00000048                   : ddi.obj (.text:NOROM_DDI16BitfieldWrite)
                  000065f8    00000048     drivers_cc26xxware.aem3 : PINCC26XX.oem3 (.text:PIN_setOutputEnable)
                  00006640    00000048                             : PINCC26XX.oem3 (.text:PIN_swi)
                  00006688    00000048                             : PowerCC26XX.oem3 (.text:notify)
                  000066d0    00000048     rtsv7M3_T_le_eabi.lib : fd_toi_t2.asm.obj (.text)
                  00006718    00000046     drivers_cc26xxware.aem3 : RingBuf.oem3 (.text:RingBuf_put)
                  0000675e    00000002     --HOLE-- [fill = 0]
                  00006760    00000044     boot.aem3 : boot.oem3 (.text)
                  000067a4    00000044     rom_sysbios.aem3 : rom_sysbios.obj (.text:xdc_runtime_SysMin_flush__E)
                  000067e8    00000044                      : rom_sysbios.obj (.text:xdc_runtime_Text_xprintf__I)
                  0000682c    00000040     driverlib.lib : ddi.obj (.text:NOROM_DDI16BitfieldRead)
                  0000686c    00000040     drivers_cc26xxware.aem3 : RingBuf.oem3 (.text:RingBuf_get)
                  000068ac    00000040     opt3001.obj (.text:opt3001_get_status)
                  000068ec    00000040     rtsv7M3_T_le_eabi.lib : u_divt2.asm.obj (.text)
                  0000692c    00000040                           : sprintf.c.obj (.text:sprintf)
                  0000696c    0000003e                           : _printfi.c.obj (.text:_fcpy)
                  000069aa    00000002     --HOLE-- [fill = 0]
                  000069ac    0000003c     driverlib.lib : osc.obj (.text:NOROM_OSC_HPOSCRelativeFrequencyOffsetGet)
                  000069e8    0000003c     drivers_cc26xxware.aem3 : PINCC26XX.oem3 (.text:PIN_setOutputValue)
                  00006a24    0000003c                             : UARTCC26XX.oem3 (.text:UARTCC26XX_swiIntFxn)
                  00006a60    00000038                             : I2C.oem3 (.text:I2C_init)
                  00006a98    00000038                             : UART.oem3 (.text:UART_init)
                  00006ad0    00000038     rtsv7M3_T_le_eabi.lib : trgmsg.c.obj (.text:__TI_writemsg)
                  00006b08    00000038     drivers_cc26xxware.aem3 : UARTCC26XX.oem3 (.text:readData)
                  00006b40    00000038     rom_sysbios.aem3 : rom_sysbios.obj (.text:ti_sysbios_family_arm_cc26xx_Timer_getCurrentTick__E)
                  00006b78    00000038     drivers_cc26xxware.aem3 : UARTCC26XX.oem3 (.text:writeData)
                  00006bb0    00000038     rom_sysbios.aem3 : rom_sysbios.obj (.text:xdc_runtime_SysMin_putch__E)
                  00006be8    00000034     driverlib.lib : osc.obj (.text:NOROM_OSCHF_SwitchToRcOscTurnOffXosc)
                  00006c1c    00000034     drivers_cc26xxware.aem3 : PINCC26XX.oem3 (.text:PIN_setConfig)
                  00006c50    00000034     rtsv7M3_T_le_eabi.lib : trgmsg.c.obj (.text:__TI_readmsg)
                  00006c84    00000034     drivers_cc26xxware.aem3 : UARTCC26XX.oem3 (.text:readData2RingBuf)
                  00006cb8    00000034     rom_sysbios.aem3 : rom_sysbios.obj (.text:ti_sysbios_family_arm_cc26xx_Timer_initDevice__I)
                  00006cec    00000032                      : rom_sysbios.obj (.text:ti_sysbios_family_arm_cc26xx_Timer_setNextTick__E)
                  00006d1e    00000002     --HOLE-- [fill = 0]
                  00006d20    00000030     drivers_cc26xxware.aem3 : I2C.oem3 (.text:I2C_open)
                  00006d50    00000030     driverlib.lib : setup_rom.obj (.text:NOROM_SetupSetAonRtcSubSecInc)
                  00006d80    00000030     drivers_cc26xxware.aem3 : PowerCC26XX.oem3 (.text:Power_releaseConstraint)
                  00006db0    00000030                             : PowerCC26XX.oem3 (.text:Power_setConstraint)
                  00006de0    00000030                             : UART.oem3 (.text:UART_open)
                  00006e10    00000030     empty_pem3.oem3 (.text:ti_sysbios_BIOS_atExitFunc__I)
                  00006e40    00000030     empty_pem3.oem3 (.text:ti_sysbios_BIOS_startFunc__I)
                  00006e70    00000030     rom_sysbios.aem3 : rom_sysbios.obj (.text:ti_sysbios_family_arm_cc26xx_Timer_setThreshold__I)
                  00006ea0    00000030                      : rom_sysbios.obj (.text:xdc_runtime_SysMin_abort__E)
                  00006ed0    0000002f                      : rom_sysbios.obj (.text:xdc_runtime_Text_printVisFxn__I)
                  00006eff    00000001     --HOLE-- [fill = 0]
                  00006f00    0000002e     rtsv7M3_T_le_eabi.lib : i_tofd_t2.asm.obj (.text)
                  00006f2e    00000002     --HOLE-- [fill = 0]
                  00006f30    0000002c     driverlib.lib : ddi.obj (.text:NOROM_DDI32RegWrite)
                  00006f5c    0000002c                   : setup_rom.obj (.text:NOROM_SetupGetTrimForRadcExtCfg)
                  00006f88    0000002c     drivers_cc26xxware.aem3 : PINCC26XX.oem3 (.text:PINCC26XX_setMux)
                  00006fb4    0000002c     rom_sysbios.aem3 : rom_sysbios.obj (.text:ti_sysbios_knl_Clock_getTicksUntilInterrupt__E)
                  00006fe0    0000002a                      : rom_sysbios.obj (.text:xdc_runtime_System_putchar__I)
                  0000700a    00000002     --HOLE-- [fill = 0]
                  0000700c    00000028     driverlib.lib : aon_batmon.obj (.text:NOROM_AONBatMonTemperatureGetDegC)
                  00007034    00000028     drivers_cc26xxware.aem3 : PowerCC26XX.oem3 (.text:Power_registerNotify)
                  0000705c    00000028     driverlib.lib : adi.obj (.text:SafeHapiVoid)
                  00007084    00000026     drivers_cc26xxware.aem3 : List.oem3 (.text:List_put)
                  000070aa    00000002     --HOLE-- [fill = 0]
                  000070ac    00000024                             : PINCC26XX.oem3 (.text:PINCC26XX_getPinCount)
                  000070d0    00000024                             : PowerCC26XX_calibrateRCOSC.oem3 (.text:getTdcSemaphore)
                  000070f4    00000024     empty_pem3.oem3 (.text:ti_sysbios_BIOS_registerRTSLock__I)
                  00007118    00000024     empty_pem3.oem3 (.text:ti_sysbios_BIOS_removeRTSLock__I)
                  0000713c    00000024     rom_sysbios.aem3 : rom_sysbios.obj (.text:ti_sysbios_family_arm_cc26xx_Timer_getMaxTicks__E)
                  00007160    00000024                      : rom_sysbios.obj (.text:xdc_runtime_System_vprintf__E)
                  00007184    00000022     rtsv7M3_T_le_eabi.lib : memccpy.c.obj (.text:memccpy)
                  000071a6    00000022     empty_pem3.oem3 (.text:xdc_runtime_SysMin_output__I)
                  000071c8    00000020     driverlib.lib : rfc.obj (.text:NOROM_RFCDoorbellSendTo)
                  000071e8    00000020                   : setup_rom.obj (.text:NOROM_SetupGetTrimForXoscHfCtl)
                  00007208    00000020     drivers_cc26xxware.aem3 : PowerCC26XX.oem3 (.text:Power_unregisterNotify)
                  00007228    00000020     project_main.obj (.text:buttonFxn)
                  00007248    00000020     empty_pem3.oem3 (.text:ti_sysbios_BIOS_rtsLock__I)
                  00007268    00000020     rom_sysbios.aem3 : rom_sysbios.obj (.text:ti_sysbios_family_arm_cc26xx_Timer_dynamicStub__E)
                  00007288    00000020                      : rom_sysbios.obj (.text:ti_sysbios_knl_Clock_stop__E)
                  000072a8    00000020                      : rom_sysbios.obj (.text:xdc_runtime_SysMin_Module_startup__E)
                  000072c8    0000001e     drivers_cc26xxware.aem3 : PINCC26XX.oem3 (.text:PIN_close)
                  000072e6    0000001e                             : PowerCC26XX.oem3 (.text:Power_getTransitionLatency)
                  00007304    0000001c     driverlib.lib : osc.obj (.text:NOROM_OSCClockSourceGet)
                  00007320    0000001c                   : setup_rom.obj (.text:NOROM_SetupGetTrimForAmpcompTh2)
                  0000733c    0000001c                   : setup_rom.obj (.text:NOROM_SetupGetTrimForRcOscLfRtuneCtuneTrim)
                  00007358    0000001c     drivers_cc26xxware.aem3 : PINCC26XX.oem3 (.text:PINCC26XX_setIoCfgMux)
                  00007374    0000001c                             : PINCC26XX.oem3 (.text:PIN_hwi)
                  00007390    0000001c     CWC_CC2650_154Drv.obj (.text:RFCCPE0IntHandler)
                  000073ac    0000001c     rom_sysbios.aem3 : rom_sysbios.obj (.text:xdc_runtime_Registry_findById__E)
                  000073c8    0000001c                      : rom_sysbios.obj (.text:xdc_runtime_SysMin_exit__E)
                  000073e4    0000001a     drivers_cc26xxware.aem3 : List.oem3 (.text:List_remove)
                  000073fe    0000001a     rom_sysbios.aem3 : rom_sysbios_config.obj (.text:xdc_runtime_System_printf__E)
                  00007418    00000018     driverlib.lib : aon_rtc.obj (.text:NOROM_AONRTCCurrentCompareValueGet)
                  00007430    00000018                   : chipinfo.obj (.text:NOROM_ChipInfo_GetPackageType)
                  00007448    00000018                   : osc.obj (.text:NOROM_OSCHF_TurnOnXosc)
                  00007460    00000018                   : setup_rom.obj (.text:NOROM_SetupGetTrimForAdcShModeEn)
                  00007478    00000018                   : setup_rom.obj (.text:NOROM_SetupGetTrimForAdcShVbufEn)
                  00007490    00000018                   : setup_rom.obj (.text:NOROM_SetupGetTrimForAmpcompTh1)
                  000074a8    00000018                   : setup_rom.obj (.text:NOROM_SetupGetTrimForDblrLoopFilterResetVoltage)
                  000074c0    00000018                   : setup_rom.obj (.text:NOROM_SetupGetTrimForRcOscLfIBiasTrim)
                  000074d8    00000018                   : setup_rom.obj (.text:NOROM_SetupGetTrimForXoscLfRegulatorAndCmirrwrRatio)
                  000074f0    00000018     drivers_cc26xxware.aem3 : PowerCC26XX.oem3 (.text:Power_idleFunc)
                  00007508    00000018                             : UARTCC26XX.oem3 (.text:UARTCC26XX_init)
                  00007520    00000018                             : UART.oem3 (.text:UART_Params_init)
                  00007538    00000018     rtsv7M3_T_le_eabi.lib : args_main.c.obj (.text:_args_main)
                  00007550    00000018                           : sprintf.c.obj (.text:_outs)
                  00007568    00000018     drivers_cc26xxware.aem3 : PowerCC26XX.oem3 (.text:configureRFCoreClocks)
                  00007580    00000018     rtsv7M3_T_le_eabi.lib : ll_mul_t2.asm.obj (.text)
                  00007598    00000018     empty_pem3.oem3 (.text:ti_sysbios_BIOS_rtsUnlock__I)
                  000075b0    00000018     rom_sysbios.aem3 : rom_sysbios.obj (.text:ti_sysbios_knl_Swi_or__E)
                  000075c8    00000016     rtsv7M3_T_le_eabi.lib : strchr.c.obj (.text:strchr)
                  000075de    00000016     empty_pem3.oem3 (.text:ti_sysbios_BIOS_exitFunc__I)
                  000075f4    00000014     driverlib.lib : aon_rtc.obj (.text:NOROM_AONRTCCurrent64BitValueGet)
                  00007608    00000014                   : chipinfo.obj (.text:NOROM_ThisCodeIsBuiltForCC26xxHwRev22AndLater_HaltIfViolated)
                  0000761c    00000014     drivers_cc26xxware.aem3 : PINCC26XX.oem3 (.text:PINCC26XX_getOutputValue)
                  00007630    00000014     rtsv7M3_T_le_eabi.lib : strlen.c.obj (.text:strlen)
                  00007644    00000014     empty_pem3.oem3 (.text:ti_sysbios_knl_Clock_doTick__I)
                  00007658    00000012     drivers_cc26xxware.aem3 : RingBuf.oem3 (.text:RingBuf_construct)
                  0000766a    00000012     rtsv7M3_T_le_eabi.lib : wcslen.c.obj (.text:wcslen)
                  0000767c    00000012     empty_pem3.oem3 (.text:xdc_runtime_Startup_exec__I)
                  0000768e    00000002     --HOLE-- [fill = 0]
                  00007690    00000010     drivers_cc26xxware.aem3 : I2C.oem3 (.text:I2C_Params_init)
                  000076a0    00000010     driverlib.lib : setup_rom.obj (.text:NOROM_SetupGetTrimForXoscHfFastStart)
                  000076b0    00000010                   : setup_rom.obj (.text:NOROM_SetupGetTrimForXoscHfIbiastherm)
                  000076c0    00000010     drivers_cc26xxware.aem3 : I2CCC26XX.oem3 (.text:i2cPostNotify)
                  000076d0    00000010                             : UARTCC26XX.oem3 (.text:uartPostNotify)
                  000076e0    00000010     rom_sysbios.aem3 : rom_sysbios.obj (.text:xdc_runtime_SysMin_ready__E)
                  000076f0    00000010                      : rom_sysbios.obj (.text:xdc_runtime_System_vsnprintf__E)
                  00007700    0000000e     driverlib.lib : vims.obj (.text:NOROM_VIMSModeGet)
                  0000770e    0000000e     rtsv7M3_T_le_eabi.lib : copy_decompress_none.c.obj (.text:decompress:none:__TI_decompress_none)
                  0000771c    0000000e     rom_sysbios.aem3 : rom_sysbios.obj (.text:ti_sysbios_family_arm_cc26xx_TimestampProvider_get32__E)
                  0000772a    0000000c     driverlib.lib : cpu.obj (.text:NOROM_CPUcpsid)
                  00007736    0000000c                   : cpu.obj (.text:NOROM_CPUcpsie)
                  00007742    0000000c     drivers_cc26xxware.aem3 : PINCC26XX.oem3 (.text:PIN_registerIntCb)
                  0000774e    00000002     --HOLE-- [fill = 0]
                  00007750    0000000c                             : PowerCC26XX.oem3 (.text:Power_getConstraintMask)
                  0000775c    0000000c                             : PowerCC26XX.oem3 (.text:Power_getDependencyCount)
                  00007768    0000000c     rtsv7M3_T_le_eabi.lib : _lock.c.obj (.text:_register_lock)
                  00007774    0000000c                           : _lock.c.obj (.text:_register_unlock)
                  00007780    0000000c                           : s_copysign.c.obj (.text:copysign)
                  0000778c    0000000c                           : copy_zero_init.c.obj (.text:decompress:ZI:__TI_zero_init)
                  00007798    0000000c     rom_sysbios.aem3 : rom_sysbios_config.obj (.text:ti_sysbios_hal_Hwi_Params__init__S)
                  000077a4    0000000c                      : rom_sysbios.obj (.text:ti_sysbios_knl_Swi_getTrigger__E)
                  000077b0    0000000c                      : rom_sysbios.obj (.text:xdc_runtime_Startup_rtsDone__E)
                  000077bc    0000000a     drivers_cc26xxware.aem3 : I2CCC26XX.oem3 (.text:I2CCC26XX_init)
                  000077c6    0000000a                             : I2C.oem3 (.text:I2C_transfer)
                  000077d0    0000000a                             : List.oem3 (.text:List_empty)
                  000077da    0000000a                             : UART.oem3 (.text:UART_write)
                  000077e4    0000000a     rtsv7M3_T_le_eabi.lib : sprintf.c.obj (.text:_outc)
                  000077ee    00000008     drivers_cc26xxware.aem3 : I2CCC26XX.oem3 (.text:I2CCC26XX_blockingCallback)
                  000077f6    00000002     --HOLE-- [fill = 0]
                  000077f8    00000008     rtsv7M3_T_le_eabi.lib : errno.c.obj (.text:__aeabi_errno_addr)
                  00007800    00000008     drivers_cc26xxware.aem3 : UARTCC26XX.oem3 (.text:readSemCallback)
                  00007808    00000008                             : UARTCC26XX.oem3 (.text:writeSemCallback)
                  00007810    00000008     empty_pem3.oem3 (.text:xdc_runtime_Text_visitRope__I)
                  00007818    00000006     drivers_cc26xxware.aem3 : I2CCC26XX.oem3 (.text:I2CCC26XX_control)
                  0000781e    00000006     driverlib.lib : cpu.obj (.text:NOROM_CPUdelay)
                  00007824    00000006     drivers_cc26xxware.aem3 : UARTCC26XX.oem3 (.text:UARTCC26XX_readPolling)
                  0000782a    00000006                             : UARTCC26XX.oem3 (.text:UARTCC26XX_writePolling)
                  00007830    00000004     tirtosport.aem3 : HwiP_tirtos.oem3 (.text:HwiP_disable)
                  00007834    00000004     drivers_cc26xxware.aem3 : List.oem3 (.text:List_head)
                  00007838    00000004                             : List.oem3 (.text:List_next)
                  0000783c    00000004                             : PowerCC26XX.oem3 (.text:nopResourceHandler)
                  00007840    00000004     rom_sysbios.aem3 : rom_sysbios.obj (.text:ti_sysbios_family_arm_cc26xx_Timer_getCount64__E)
                  00007844    00000004     empty_pem3.oem3 (.text:xdc_runtime_Startup_reset__I)
                  00007848    00000004     rom_sysbios.aem3 : rom_sysbios.obj (.text:xdc_runtime_System_printf_va__F)
                  0000784c    00000008     (.tramp.xdc_runtime_Core_assignParams__I.1)
                  00007854    00000008     (.tramp.xdc_runtime_Startup_startMods__I.1)
                  0000785c    00000008     (.tramp.ti_sysbios_knl_Clock_logTick__E.1)
                  00007864    00000008     (.tramp.ti_sysbios_BIOS_RtsGateProxy_leave__E.1)
                  0000786c    00000008     (.tramp.ti_sysbios_BIOS_RtsGateProxy_enter__E.1)
                  00007874    00000008     (.tramp.ti_sysbios_knl_Task_startup__E.1)
                  0000787c    00000008     (.tramp.ti_sysbios_knl_Swi_startup__E.1)
                  00007884    00000008     (.tramp.ti_sysbios_hal_Hwi_startup__E.1)
                  0000788c    00000008     (.tramp.ti_sysbios_family_arm_cc26xx_Timer_startup__E.1)
                  00007894    00000008     (.tramp.xdc_runtime_System_atexit__E.1)
                  0000789c    00000008     (.tramp.ti_sysbios_BIOS_setThreadType__E.1)
                  000078a4    00000008     (.tramp.xdc_runtime_Gate_leaveSystem__E.1)
                  000078ac    00000008     (.tramp.xdc_runtime_Gate_enterSystem__E.1)
                  000078b4    00000008     (.tramp.xdc_runtime_System_exit__E.1)
                  000078bc    00000008     (.tramp.ti_sysbios_knl_Clock_destruct.1)
                  000078c4    00000008     (.tramp.ti_sysbios_knl_Semaphore_destruct.1)
                  000078cc    00000008     (.tramp.ti_sysbios_knl_Swi_destruct.1)
                  000078d4    00000008     (.tramp.ti_sysbios_family_arm_m3_Hwi_destruct.1)
                  000078dc    00000008     (.tramp.ti_sysbios_knl_Clock_scheduleNextTick__E.1)
                  000078e4    00000008     (.tramp.ti_sysbios_knl_Clock_walkQueueDynamic__E.1)
                  000078ec    00000008     (.tramp.ti_sysbios_knl_Clock_TimerProxy_getCurrentTick__E.1)
                  000078f4    00000008     (.tramp.ti_sysbios_knl_Semaphore_post__E.1)
                  000078fc    00000008     (.tramp.ti_sysbios_family_arm_m3_Hwi_enableInterrupt__E.1)
                  00007904    00000008     (.tramp.ti_sysbios_family_arm_m3_Hwi_disableInterrupt__E.1)
                  0000790c    00000008     (.tramp.ti_sysbios_knl_Task_sleep__E.1)
                  00007914    00000008     (.tramp.ti_sysbios_BIOS_getCpuFreq__E.1)
                  0000791c    00000008     (.tramp.ti_sysbios_hal_Hwi_create.1)
                  00007924    00000008     (.tramp.ti_sysbios_knl_Swi_post__E.1)
                  0000792c    00000008     (.tramp.ti_sysbios_knl_Semaphore_pend__E.1)
                  00007934    00000008     (.tramp.ti_sysbios_knl_Clock_setTimeout__E.1)
                  0000793c    00000008     (.tramp.ti_sysbios_knl_Clock_start__E.1)
                  00007944    00000008     (.tramp.xdc_runtime_System_abortSpin__E.1)
                  0000794c    00000008     (.tramp.ti_sysbios_BIOS_start__E.1)
                  00007954    00000008     (.tramp.ti_sysbios_knl_Task_create.1)
                  0000795c    00000008     (.tramp.ti_sysbios_knl_Task_Params__init__S.1)
                  00007964    00000008     (.tramp.xdc_runtime_System_abort__E.1)
                  0000796c    00000008     (.tramp.ti_sysbios_knl_Clock_construct.1)
                  00007974    00000008     (.tramp.ti_sysbios_knl_Clock_Params__init__S.1)
                  0000797c    00000008     (.tramp.ti_sysbios_family_arm_m3_Hwi_restoreFxn__E.1)
                  00007984    00000008     (.tramp.ti_sysbios_family_arm_m3_Hwi_disableFxn__E.1)
                  0000798c    00000008     (.tramp.ti_sysbios_knl_Swi_construct.1)
                  00007994    00000008     (.tramp.ti_sysbios_knl_Swi_Params__init__S.1)
                  0000799c    00000008     (.tramp.ti_sysbios_family_arm_m3_Hwi_construct.1)
                  000079a4    00000008     (.tramp.ti_sysbios_family_arm_m3_Hwi_Params__init__S.1)
                  000079ac    00000008     (.tramp.ti_sysbios_knl_Semaphore_construct.1)
                  000079b4    00000008     (.tramp.ti_sysbios_knl_Semaphore_Params__init__S.1)
                  000079bc    00000008     (.tramp.ti_sysbios_knl_Task_restore__E.1)
                  000079c4    00000008     (.tramp.ti_sysbios_knl_Swi_restore__E.1)
                  000079cc    00000008     (.tramp.ti_sysbios_knl_Swi_disable__E.1)
                  000079d4    00000008     (.tramp.ti_sysbios_knl_Task_disable__E.1)

.const     0    000079e0    00000444     
                  000079e0    00000101     rtsv7M3_T_le_eabi.lib : ctype.c.obj (.const:.string:_ctypes_)
                  00007ae1    00000001     empty_pem3.oem3 (.const:xdc_runtime_Text_charTab__A)
                  00007ae2    00000002     CWC_CC2650_154Drv.obj (.const:RF_cmdPing)
                  00007ae4    00000068     CC2650STK.obj (.const:BoardGpioInitTable)
                  00007b4c    0000004c     drivers_cc26xxware.aem3 : PowerCC26XX.oem3 (.const:resourceDB)
                  00007b98    00000048     empty_pem3.oem3 (.const:.string)
                  00007be0    00000040     CWC_CC2650_154Drv.obj (.const:IEEE_RX)
                  00007c20    00000040     drivers_cc26xxware.aem3 : UARTCC26XX.oem3 (.const)
                  00007c60    00000030     rtsv7M3_T_le_eabi.lib : e_pow.c.obj (.const:$O1$$)
                  00007c90    00000028     drivers_cc26xxware.aem3 : UARTCC26XX.oem3 (.const:UARTCC26XX_fxnTable)
                  00007cb8    00000028     empty_pem3.oem3 (.const:xdc_runtime_Startup_sfxnTab__A)
                  00007ce0    00000024     drivers_cc26xxware.aem3 : UART.oem3 (.const:UART_defaultParams)
                  00007d04    00000020                             : I2CCC26XX.oem3 (.const)
                  00007d24    00000020     CC2650STK.obj (.const:uartCC26XXHWAttrs)
                  00007d44    00000018     CC2650STK.obj (.const:I2C_config)
                  00007d5c    00000018     CWC_CC2650_154Drv.obj (.const:RF_cmdRadioSetup)
                  00007d74    00000018     CC2650STK.obj (.const:UART_config)
                  00007d8c    00000018     CC2650STK.obj (.const:i2cCC26xxHWAttrs)
                  00007da4    00000014     empty_pem3.oem3 (.const:xdc_runtime_Startup_sfxnRts__A)
                  00007db8    00000010     CC2650STK.obj (.const:PowerCC26XX_config)
                  00007dc8    00000010     drivers_cc26xxware.aem3 : I2C.oem3 (.const)
                  00007dd8    0000000c     empty_pem3.oem3 (.const:xdc_runtime_Startup_firstFxns__A)
                  00007de4    0000000a     CWC_CC2650_154Drv.obj (.const:RF_cmdGetFvInfo)
                  00007dee    00000009     CWC_CC2650_154Drv.obj (.const:IEEE154_header)
                  00007df7    00000001     --HOLE-- [fill = 0]
                  00007df8    00000008     CC2650STK.obj (.const:PINCC26XX_hwAttrs)
                  00007e00    00000004     empty_pem3.oem3 (.const:ti_sysbios_knl_Clock_tickPeriod__C)
                  00007e04    00000004     empty_pem3.oem3 (.const:ti_sysbios_knl_Clock_triggerClock__C)
                  00007e08    00000004     empty_pem3.oem3 (.const:ti_sysbios_knl_Idle_funcList__A)
                  00007e0c    00000004     empty_pem3.oem3 (.const:xdc_runtime_SysMin_bufSize__C)
                  00007e10    00000004     empty_pem3.oem3 (.const:xdc_runtime_SysMin_outputFunc__C)
                  00007e14    00000004     empty_pem3.oem3 (.const:xdc_runtime_System_extendFxn__C)
                  00007e18    00000004     empty_pem3.oem3 (.const:xdc_runtime_Text_visitRopeFxn__C)
                  00007e1c    00000002     CWC_CC2650_154Drv.obj (.const:RF_cmdStartRat)
                  00007e1e    00000002     empty_pem3.oem3 (.const:xdc_runtime_SysMin_flushAtExit__C)
                  00007e20    00000002     empty_pem3.oem3 (.const:xdc_runtime_Text_registryModsLastId__C)
                  00007e22    00000002     empty_pem3.oem3 (.const:xdc_runtime_Text_unnamedModsLastId__C)

.cinit     0    00007e28    00000298     
                  00007e28    0000015f     (.cinit..data.load) [load image, compression = lzss]
                  00007f87    00000028     (.cinit..data:ti_sysbios_family_arm_m3_Hwi_Module__state__V.load) [load image, compression = lzss]
                  00007faf    00000021     (.cinit..data:ti_sysbios_knl_Task_Module__state__V.load) [load image, compression = lzss]
                  00007fd0    0000001f     (.cinit..data:ti_sysbios_BIOS_Module__state__V.load) [load image, compression = lzss]
                  00007fef    0000001d     (.cinit..data:ti_sysbios_knl_Clock_Module__state__V.load) [load image, compression = lzss]
                  0000800c    00000010     (.cinit..data:ti_sysbios_knl_Swi_Module__state__V.load) [load image, compression = lzss]
                  0000801c    0000000c     (__TI_handler_table)
                  00008028    0000000b     (.cinit..data:ti_sysbios_family_arm_cc26xx_Timer_Module__state__V.load) [load image, compression = lzss]
                  00008033    0000000b     (.cinit..data:xdc_runtime_System_Module__state__V.load) [load image, compression = lzss]
                  0000803e    00000002     --HOLE-- [fill = 0]
                  00008040    00000008     (.cinit..bss.load) [load image, compression = zero_init]
                  00008048    00000008     (.cinit..data:xdc_runtime_Memory_Module__state__V.load) [load image, compression = lzss]
                  00008050    00000007     (.cinit..data:ti_sysbios_family_arm_cc26xx_TimestampProvider_Module__state__V.load) [load image, compression = lzss]
                  00008057    00000007     (.cinit..data:xdc_runtime_Startup_Module__state__V.load) [load image, compression = lzss]
                  0000805e    00000002     --HOLE-- [fill = 0]
                  00008060    00000060     (__TI_cinit_table)

.init_array 
*          0    00000000    00000000     UNINITIALIZED

.ccfg      0    0001ffa8    00000058     
                  0001ffa8    00000058     ccfg.obj (.ccfg:retain)

.const:ti_sysbios_knl_Task_Object__PARAMS__C 
*          0    00000100    0000003c     
                  00000100    0000003c     empty_pem3.oem3 (.const:ti_sysbios_knl_Task_Object__PARAMS__C)

.const:ti_sysbios_knl_Mailbox_Object__PARAMS__C 
*          0    0000013c    00000034     
                  0000013c    00000034     empty_pem3.oem3 (.const:ti_sysbios_knl_Mailbox_Object__PARAMS__C)

.const:ti_sysbios_family_arm_m3_Hwi_Object__PARAMS__C 
*          0    00000170    00000030     
                  00000170    00000030     empty_pem3.oem3 (.const:ti_sysbios_family_arm_m3_Hwi_Object__PARAMS__C)

.const:ti_sysbios_hal_Hwi_Object__PARAMS__C 
*          0    000001a0    0000002c     
                  000001a0    0000002c     empty_pem3.oem3 (.const:ti_sysbios_hal_Hwi_Object__PARAMS__C)

.const:ti_sysbios_heaps_HeapMem_Module__FXNS__C 
*          0    000001cc    00000028     
                  000001cc    00000028     empty_pem3.oem3 (.const:ti_sysbios_heaps_HeapMem_Module__FXNS__C)

.const:ti_sysbios_knl_Swi_Object__PARAMS__C 
*          0    000001f4    00000028     
                  000001f4    00000028     empty_pem3.oem3 (.const:ti_sysbios_knl_Swi_Object__PARAMS__C)

.const:ti_sysbios_gates_GateHwi_Module__FXNS__C 
*          0    0000021c    00000024     
                  0000021c    00000024     empty_pem3.oem3 (.const:ti_sysbios_gates_GateHwi_Module__FXNS__C)

.const:ti_sysbios_gates_GateMutex_Module__FXNS__C 
*          0    00000240    00000024     
                  00000240    00000024     empty_pem3.oem3 (.const:ti_sysbios_gates_GateMutex_Module__FXNS__C)

.const:ti_sysbios_heaps_HeapMem_Object__PARAMS__C 
*          0    00000264    00000024     
                  00000264    00000024     empty_pem3.oem3 (.const:ti_sysbios_heaps_HeapMem_Object__PARAMS__C)

.const:ti_sysbios_knl_Clock_Object__PARAMS__C 
*          0    00000288    00000024     
                  00000288    00000024     empty_pem3.oem3 (.const:ti_sysbios_knl_Clock_Object__PARAMS__C)

.const:ti_sysbios_knl_Semaphore_Object__PARAMS__C 
*          0    000002ac    00000024     
                  000002ac    00000024     empty_pem3.oem3 (.const:ti_sysbios_knl_Semaphore_Object__PARAMS__C)

.const:ti_sysbios_family_arm_m3_Hwi_Object__DESC__C 
*          0    000002d0    00000020     
                  000002d0    00000020     empty_pem3.oem3 (.const:ti_sysbios_family_arm_m3_Hwi_Object__DESC__C)

.const:ti_sysbios_gates_GateHwi_Object__DESC__C 
*          0    000002f0    00000020     
                  000002f0    00000020     empty_pem3.oem3 (.const:ti_sysbios_gates_GateHwi_Object__DESC__C)

.const:ti_sysbios_gates_GateMutex_Object__DESC__C 
*          0    00000310    00000020     
                  00000310    00000020     empty_pem3.oem3 (.const:ti_sysbios_gates_GateMutex_Object__DESC__C)

.const:ti_sysbios_hal_Hwi_Object__DESC__C 
*          0    00000330    00000020     
                  00000330    00000020     empty_pem3.oem3 (.const:ti_sysbios_hal_Hwi_Object__DESC__C)

.const:ti_sysbios_heaps_HeapMem_Object__DESC__C 
*          0    00000350    00000020     
                  00000350    00000020     empty_pem3.oem3 (.const:ti_sysbios_heaps_HeapMem_Object__DESC__C)

.const:ti_sysbios_knl_Clock_Object__DESC__C 
*          0    00000370    00000020     
                  00000370    00000020     empty_pem3.oem3 (.const:ti_sysbios_knl_Clock_Object__DESC__C)

.const:ti_sysbios_knl_Mailbox_Object__DESC__C 
*          0    00000390    00000020     
                  00000390    00000020     empty_pem3.oem3 (.const:ti_sysbios_knl_Mailbox_Object__DESC__C)

.const:ti_sysbios_knl_Queue_Object__DESC__C 
*          0    000003b0    00000020     
                  000003b0    00000020     empty_pem3.oem3 (.const:ti_sysbios_knl_Queue_Object__DESC__C)

.const:ti_sysbios_knl_Semaphore_Object__DESC__C 
*          0    000003d0    00000020     
                  000003d0    00000020     empty_pem3.oem3 (.const:ti_sysbios_knl_Semaphore_Object__DESC__C)

.const:ti_sysbios_knl_Swi_Object__DESC__C 
*          0    000003f0    00000020     
                  000003f0    00000020     empty_pem3.oem3 (.const:ti_sysbios_knl_Swi_Object__DESC__C)

.const:ti_sysbios_knl_Task_Object__DESC__C 
*          0    00000410    00000020     
                  00000410    00000020     empty_pem3.oem3 (.const:ti_sysbios_knl_Task_Object__DESC__C)

.const:ti_sysbios_gates_GateHwi_Object__PARAMS__C 
*          0    00000430    00000018     
                  00000430    00000018     empty_pem3.oem3 (.const:ti_sysbios_gates_GateHwi_Object__PARAMS__C)

.const:ti_sysbios_gates_GateMutex_Object__PARAMS__C 
*          0    00000448    00000018     
                  00000448    00000018     empty_pem3.oem3 (.const:ti_sysbios_gates_GateMutex_Object__PARAMS__C)

.const:ti_sysbios_knl_Queue_Object__PARAMS__C 
*          0    00000460    00000018     
                  00000460    00000018     empty_pem3.oem3 (.const:ti_sysbios_knl_Queue_Object__PARAMS__C)

.const:ti_sysbios_knl_Idle_funcList__C 
*          0    00000478    00000008     
                  00000478    00000008     empty_pem3.oem3 (.const:ti_sysbios_knl_Idle_funcList__C)

.const:ti_sysbios_family_arm_cc26xx_Timer_startupNeeded__C 
*          0    00000484    00000004     
                  00000484    00000004     empty_pem3.oem3 (.const:ti_sysbios_family_arm_cc26xx_Timer_startupNeeded__C)

.const:ti_sysbios_family_arm_m3_Hwi_E_alreadyDefined__C 
*          0    00000488    00000004     
                  00000488    00000004     empty_pem3.oem3 (.const:ti_sysbios_family_arm_m3_Hwi_E_alreadyDefined__C)

.const:ti_sysbios_family_arm_m3_Hwi_E_hwiLimitExceeded__C 
*          0    0000048c    00000004     
                  0000048c    00000004     empty_pem3.oem3 (.const:ti_sysbios_family_arm_m3_Hwi_E_hwiLimitExceeded__C)

.const:ti_sysbios_family_arm_m3_Hwi_NUM_INTERRUPTS__C 
*          0    00000490    00000004     
                  00000490    00000004     empty_pem3.oem3 (.const:ti_sysbios_family_arm_m3_Hwi_NUM_INTERRUPTS__C)

.const:ti_sysbios_family_arm_m3_Hwi_Object__count__C 
*          0    00000494    00000004     
                  00000494    00000004     empty_pem3.oem3 (.const:ti_sysbios_family_arm_m3_Hwi_Object__count__C)

.const:ti_sysbios_family_arm_m3_Hwi_Object__table__C 
*          0    00000498    00000004     
                  00000498    00000004     empty_pem3.oem3 (.const:ti_sysbios_family_arm_m3_Hwi_Object__table__C)

.const:ti_sysbios_family_arm_m3_Hwi_ccr__C 
*          0    0000049c    00000004     
                  0000049c    00000004     empty_pem3.oem3 (.const:ti_sysbios_family_arm_m3_Hwi_ccr__C)

.const:ti_sysbios_family_arm_m3_Hwi_excHandlerFunc__C 
*          0    000004a0    00000004     
                  000004a0    00000004     empty_pem3.oem3 (.const:ti_sysbios_family_arm_m3_Hwi_excHandlerFunc__C)

.const:ti_sysbios_family_arm_m3_Hwi_nullIsrFunc__C 
*          0    000004a4    00000004     
                  000004a4    00000004     empty_pem3.oem3 (.const:ti_sysbios_family_arm_m3_Hwi_nullIsrFunc__C)

.const:ti_sysbios_family_arm_m3_Hwi_numSparseInterrupts__C 
*          0    000004a8    00000004     
                  000004a8    00000004     empty_pem3.oem3 (.const:ti_sysbios_family_arm_m3_Hwi_numSparseInterrupts__C)

.const:ti_sysbios_family_arm_m3_Hwi_priGroup__C 
*          0    000004ac    00000004     
                  000004ac    00000004     empty_pem3.oem3 (.const:ti_sysbios_family_arm_m3_Hwi_priGroup__C)

.const:ti_sysbios_family_arm_m3_TaskSupport_stackAlignment__C 
*          0    000004b0    00000004     
                  000004b0    00000004     empty_pem3.oem3 (.const:ti_sysbios_family_arm_m3_TaskSupport_stackAlignment__C)

.const:ti_sysbios_heaps_HeapMem_E_memory__C 
*          0    000004b4    00000004     
                  000004b4    00000004     empty_pem3.oem3 (.const:ti_sysbios_heaps_HeapMem_E_memory__C)

.const:ti_sysbios_heaps_HeapMem_Module__gateObj__C 
*          0    000004b8    00000004     
                  000004b8    00000004     empty_pem3.oem3 (.const:ti_sysbios_heaps_HeapMem_Module__gateObj__C)

.const:ti_sysbios_heaps_HeapMem_Object__count__C 
*          0    000004bc    00000004     
                  000004bc    00000004     empty_pem3.oem3 (.const:ti_sysbios_heaps_HeapMem_Object__count__C)

.const:ti_sysbios_heaps_HeapMem_Object__table__C 
*          0    000004c0    00000004     
                  000004c0    00000004     empty_pem3.oem3 (.const:ti_sysbios_heaps_HeapMem_Object__table__C)

.const:ti_sysbios_heaps_HeapMem_reqAlign__C 
*          0    000004c4    00000004     
                  000004c4    00000004     empty_pem3.oem3 (.const:ti_sysbios_heaps_HeapMem_reqAlign__C)

.const:ti_sysbios_knl_Clock_serviceMargin__C 
*          0    000004c8    00000004     
                  000004c8    00000004     empty_pem3.oem3 (.const:ti_sysbios_knl_Clock_serviceMargin__C)

.const:ti_sysbios_knl_Mailbox_Object__count__C 
*          0    000004cc    00000004     
                  000004cc    00000004     empty_pem3.oem3 (.const:ti_sysbios_knl_Mailbox_Object__count__C)

.const:ti_sysbios_knl_Mailbox_Object__table__C 
*          0    000004d0    00000004     
                  000004d0    00000004     empty_pem3.oem3 (.const:ti_sysbios_knl_Mailbox_Object__table__C)

.const:ti_sysbios_knl_Queue_Object__count__C 
*          0    000004d4    00000004     
                  000004d4    00000004     empty_pem3.oem3 (.const:ti_sysbios_knl_Queue_Object__count__C)

.const:ti_sysbios_knl_Queue_Object__table__C 
*          0    000004d8    00000004     
                  000004d8    00000004     empty_pem3.oem3 (.const:ti_sysbios_knl_Queue_Object__table__C)

.const:ti_sysbios_knl_Swi_Object__count__C 
*          0    000004dc    00000004     
                  000004dc    00000004     empty_pem3.oem3 (.const:ti_sysbios_knl_Swi_Object__count__C)

.const:ti_sysbios_knl_Swi_Object__table__C 
*          0    000004e0    00000004     
                  000004e0    00000004     empty_pem3.oem3 (.const:ti_sysbios_knl_Swi_Object__table__C)

.const:ti_sysbios_knl_Swi_numPriorities__C 
*          0    000004e4    00000004     
                  000004e4    00000004     empty_pem3.oem3 (.const:ti_sysbios_knl_Swi_numPriorities__C)

.const:ti_sysbios_knl_Task_Object__count__C 
*          0    000004e8    00000004     
                  000004e8    00000004     empty_pem3.oem3 (.const:ti_sysbios_knl_Task_Object__count__C)

.const:ti_sysbios_knl_Task_Object__table__C 
*          0    000004ec    00000004     
                  000004ec    00000004     empty_pem3.oem3 (.const:ti_sysbios_knl_Task_Object__table__C)

.const:ti_sysbios_knl_Task_allBlockedFunc__C 
*          0    000004f0    00000004     
                  000004f0    00000004     empty_pem3.oem3 (.const:ti_sysbios_knl_Task_allBlockedFunc__C)

.const:ti_sysbios_knl_Task_defaultStackHeap__C 
*          0    000004f4    00000004     
                  000004f4    00000004     empty_pem3.oem3 (.const:ti_sysbios_knl_Task_defaultStackHeap__C)

.const:ti_sysbios_knl_Task_defaultStackSize__C 
*          0    000004f8    00000004     
                  000004f8    00000004     empty_pem3.oem3 (.const:ti_sysbios_knl_Task_defaultStackSize__C)

.const:ti_sysbios_knl_Task_numConstructedTasks__C 
*          0    000004fc    00000004     
                  000004fc    00000004     empty_pem3.oem3 (.const:ti_sysbios_knl_Task_numConstructedTasks__C)

.const:ti_sysbios_family_arm_cc26xx_Timer_Module__id__C 
*          0    00000502    00000002     
                  00000502    00000002     empty_pem3.oem3 (.const:ti_sysbios_family_arm_cc26xx_Timer_Module__id__C)

.const:ti_sysbios_family_arm_cc26xx_TimestampProvider_useClockTimer__C 
*          0    00000504    00000002     
                  00000504    00000002     empty_pem3.oem3 (.const:ti_sysbios_family_arm_cc26xx_TimestampProvider_useClockTimer__C)

.const:ti_sysbios_family_arm_m3_Hwi_Module__id__C 
*          0    00000506    00000002     
                  00000506    00000002     empty_pem3.oem3 (.const:ti_sysbios_family_arm_m3_Hwi_Module__id__C)

.const:ti_sysbios_gates_GateHwi_Module__id__C 
*          0    00000508    00000002     
                  00000508    00000002     empty_pem3.oem3 (.const:ti_sysbios_gates_GateHwi_Module__id__C)

.const:ti_sysbios_gates_GateMutex_Module__id__C 
*          0    0000050a    00000002     
                  0000050a    00000002     empty_pem3.oem3 (.const:ti_sysbios_gates_GateMutex_Module__id__C)

.const:ti_sysbios_heaps_HeapMem_Module__id__C 
*          0    0000050c    00000002     
                  0000050c    00000002     empty_pem3.oem3 (.const:ti_sysbios_heaps_HeapMem_Module__id__C)

.const:ti_sysbios_knl_Task_initStackFlag__C 
*          0    0000050e    00000002     
                  0000050e    00000002     empty_pem3.oem3 (.const:ti_sysbios_knl_Task_initStackFlag__C)

.const:ti_sysbios_knl_Clock_tickMode__C 
*          0    00000510    00000001     
                  00000510    00000001     empty_pem3.oem3 (.const:ti_sysbios_knl_Clock_tickMode__C)

.const:xdc_runtime_Startup_firstFxns__C 
*          0    00000514    00000008     
                  00000514    00000008     empty_pem3.oem3 (.const:xdc_runtime_Startup_firstFxns__C)

.const:xdc_runtime_Startup_lastFxns__C 
*          0    0000051c    00000008     
                  0000051c    00000008     empty_pem3.oem3 (.const:xdc_runtime_Startup_lastFxns__C)

.const:xdc_runtime_Assert_E_assertFailed__C 
*          0    00000524    00000004     
                  00000524    00000004     empty_pem3.oem3 (.const:xdc_runtime_Assert_E_assertFailed__C)

.const:xdc_runtime_Error_E_memory__C 
*          0    00000528    00000004     
                  00000528    00000004     empty_pem3.oem3 (.const:xdc_runtime_Error_E_memory__C)

.const:xdc_runtime_Error_policyFxn__C 
*          0    0000052c    00000004     
                  0000052c    00000004     empty_pem3.oem3 (.const:xdc_runtime_Error_policyFxn__C)

.const:xdc_runtime_IGateProvider_Interface__BASE__C 
*          0    00000530    00000004     
                  00000530    00000004     empty_pem3.oem3 (.const:xdc_runtime_IGateProvider_Interface__BASE__C)

.const:xdc_runtime_IHeap_Interface__BASE__C 
*          0    00000534    00000004     
                  00000534    00000004     empty_pem3.oem3 (.const:xdc_runtime_IHeap_Interface__BASE__C)

.const:xdc_runtime_IModule_Interface__BASE__C 
*          0    00000538    00000004     
                  00000538    00000004     empty_pem3.oem3 (.const:xdc_runtime_IModule_Interface__BASE__C)

.const:xdc_runtime_Main_Module__diagsEnabled__C 
*          0    0000053c    00000004     
                  0000053c    00000004     empty_pem3.oem3 (.const:xdc_runtime_Main_Module__diagsEnabled__C)

.const:xdc_runtime_Main_Module__diagsIncluded__C 
*          0    00000540    00000004     
                  00000540    00000004     empty_pem3.oem3 (.const:xdc_runtime_Main_Module__diagsIncluded__C)

.const:xdc_runtime_Main_Module__diagsMask__C 
*          0    00000544    00000004     
                  00000544    00000004     empty_pem3.oem3 (.const:xdc_runtime_Main_Module__diagsMask__C)

.const:xdc_runtime_Memory_defaultHeapInstance__C 
*          0    00000548    00000004     
                  00000548    00000004     empty_pem3.oem3 (.const:xdc_runtime_Memory_defaultHeapInstance__C)

.const:xdc_runtime_Startup_execImpl__C 
*          0    0000054c    00000004     
                  0000054c    00000004     empty_pem3.oem3 (.const:xdc_runtime_Startup_execImpl__C)

.const:xdc_runtime_Startup_maxPasses__C 
*          0    00000550    00000004     
                  00000550    00000004     empty_pem3.oem3 (.const:xdc_runtime_Startup_maxPasses__C)

.const:xdc_runtime_Startup_sfxnRts__C 
*          0    00000554    00000004     
                  00000554    00000004     empty_pem3.oem3 (.const:xdc_runtime_Startup_sfxnRts__C)

.const:xdc_runtime_Startup_sfxnTab__C 
*          0    00000558    00000004     
                  00000558    00000004     empty_pem3.oem3 (.const:xdc_runtime_Startup_sfxnTab__C)

.const:xdc_runtime_Startup_startModsFxn__C 
*          0    0000055c    00000004     
                  0000055c    00000004     empty_pem3.oem3 (.const:xdc_runtime_Startup_startModsFxn__C)

.const:xdc_runtime_SysCallback_abortFxn__C 
*          0    00000560    00000004     
                  00000560    00000004     empty_pem3.oem3 (.const:xdc_runtime_SysCallback_abortFxn__C)

.const:xdc_runtime_SysCallback_exitFxn__C 
*          0    00000564    00000004     
                  00000564    00000004     empty_pem3.oem3 (.const:xdc_runtime_SysCallback_exitFxn__C)

.const:xdc_runtime_System_abortFxn__C 
*          0    00000568    00000004     
                  00000568    00000004     empty_pem3.oem3 (.const:xdc_runtime_System_abortFxn__C)

.const:xdc_runtime_System_exitFxn__C 
*          0    0000056c    00000004     
                  0000056c    00000004     empty_pem3.oem3 (.const:xdc_runtime_System_exitFxn__C)

.const:xdc_runtime_System_maxAtexitHandlers__C 
*          0    00000570    00000004     
                  00000570    00000004     empty_pem3.oem3 (.const:xdc_runtime_System_maxAtexitHandlers__C)

.const:xdc_runtime_Text_charTab__C 
*          0    00000574    00000004     
                  00000574    00000004     empty_pem3.oem3 (.const:xdc_runtime_Text_charTab__C)

.const:xdc_runtime_Text_nameEmpty__C 
*          0    00000578    00000004     
                  00000578    00000004     empty_pem3.oem3 (.const:xdc_runtime_Text_nameEmpty__C)

.const:xdc_runtime_Text_nameStatic__C 
*          0    0000057c    00000004     
                  0000057c    00000004     empty_pem3.oem3 (.const:xdc_runtime_Text_nameStatic__C)

.const:xdc_runtime_Text_nameUnknown__C 
*          0    00000580    00000004     
                  00000580    00000004     empty_pem3.oem3 (.const:xdc_runtime_Text_nameUnknown__C)

.const:xdc_runtime_Main_Module__id__C 
*          0    00000584    00000002     
                  00000584    00000002     empty_pem3.oem3 (.const:xdc_runtime_Main_Module__id__C)

.const:xdc_runtime_Memory_Module__id__C 
*          0    00000586    00000002     
                  00000586    00000002     empty_pem3.oem3 (.const:xdc_runtime_Memory_Module__id__C)

.const:xdc_runtime_Text_charCnt__C 
*          0    00000588    00000002     
                  00000588    00000002     empty_pem3.oem3 (.const:xdc_runtime_Text_charCnt__C)

.const:xdc_runtime_Text_isLoaded__C 
*          0    0000058a    00000002     
                  0000058a    00000002     empty_pem3.oem3 (.const:xdc_runtime_Text_isLoaded__C)

.const:ti_sysbios_rom_ROM_AONRTCChannelEnable 
*          0    00000590    00000004     
                  00000590    00000004     empty_pem3.oem3 (.const:ti_sysbios_rom_ROM_AONRTCChannelEnable)

.const:ti_sysbios_rom_ROM_AONRTCCompareValueSet 
*          0    00000594    00000004     
                  00000594    00000004     empty_pem3.oem3 (.const:ti_sysbios_rom_ROM_AONRTCCompareValueSet)

.const:ti_sysbios_rom_ROM_AONRTCCurrentCompareValueGet 
*          0    00000598    00000004     
                  00000598    00000004     empty_pem3.oem3 (.const:ti_sysbios_rom_ROM_AONRTCCurrentCompareValueGet)

.const:ti_sysbios_rom_ROM_AONRTCEventClear 
*          0    0000059c    00000004     
                  0000059c    00000004     empty_pem3.oem3 (.const:ti_sysbios_rom_ROM_AONRTCEventClear)

.const:ti_sysbios_rom_ROM_ti_sysbios_family_arm_cc26xx_Timer_getCount64__E 
*          0    000005a0    00000004     
                  000005a0    00000004     empty_pem3.oem3 (.const:ti_sysbios_rom_ROM_ti_sysbios_family_arm_cc26xx_Timer_getCount64__E)

.const:ti_sysbios_rom_ROM_ti_sysbios_family_arm_cc26xx_Timer_getCurrentTick__E 
*          0    000005a4    00000004     
                  000005a4    00000004     empty_pem3.oem3 (.const:ti_sysbios_rom_ROM_ti_sysbios_family_arm_cc26xx_Timer_getCurrentTick__E)

.const:ti_sysbios_rom_ROM_ti_sysbios_family_arm_cc26xx_Timer_getMaxTicks__E 
*          0    000005a8    00000004     
                  000005a8    00000004     empty_pem3.oem3 (.const:ti_sysbios_rom_ROM_ti_sysbios_family_arm_cc26xx_Timer_getMaxTicks__E)

.const:ti_sysbios_rom_ROM_ti_sysbios_family_arm_cc26xx_Timer_setNextTick__E 
*          0    000005b0    00000004     
                  000005b0    00000004     empty_pem3.oem3 (.const:ti_sysbios_rom_ROM_ti_sysbios_family_arm_cc26xx_Timer_setNextTick__E)

.const:ti_sysbios_rom_ROM_ti_sysbios_family_arm_cc26xx_Timer_setThreshold__I 
*          0    000005b4    00000004     
                  000005b4    00000004     empty_pem3.oem3 (.const:ti_sysbios_rom_ROM_ti_sysbios_family_arm_cc26xx_Timer_setThreshold__I)

.const:ti_sysbios_rom_ROM_ti_sysbios_family_arm_cc26xx_Timer_start__E 
*          0    000005b8    00000004     
                  000005b8    00000004     empty_pem3.oem3 (.const:ti_sysbios_rom_ROM_ti_sysbios_family_arm_cc26xx_Timer_start__E)

.const:ti_sysbios_rom_ROM_ti_sysbios_family_arm_cc26xx_TimestampProvider_get32__E 
*          0    000005bc    00000004     
                  000005bc    00000004     empty_pem3.oem3 (.const:ti_sysbios_rom_ROM_ti_sysbios_family_arm_cc26xx_TimestampProvider_get32__E)

.const:ti_sysbios_rom_ROM_xdc_runtime_Startup_getState__I 
*          0    000005c0    00000004     
                  000005c0    00000004     empty_pem3.oem3 (.const:ti_sysbios_rom_ROM_xdc_runtime_Startup_getState__I)

.const:ti_sysbios_rom_ROM_xdc_runtime_System_SupportProxy_abort__E 
*          0    000005c4    00000004     
                  000005c4    00000004     empty_pem3.oem3 (.const:ti_sysbios_rom_ROM_xdc_runtime_System_SupportProxy_abort__E)

.const:ti_sysbios_rom_ROM_xdc_runtime_System_SupportProxy_exit__E 
*          0    000005c8    00000004     
                  000005c8    00000004     empty_pem3.oem3 (.const:ti_sysbios_rom_ROM_xdc_runtime_System_SupportProxy_exit__E)

.const:ti_sysbios_knl_Clock_Module_State_clockQ__O 
*          0    000005d0    00000004     
                  000005d0    00000004     empty_pem3.oem3 (.const:ti_sysbios_knl_Clock_Module_State_clockQ__O)

.const:ti_sysbios_knl_Mailbox_Instance_State_dataSem__O 
*          0    000005d8    00000004     
                  000005d8    00000004     empty_pem3.oem3 (.const:ti_sysbios_knl_Mailbox_Instance_State_dataSem__O)

.const:ti_sysbios_knl_Mailbox_Instance_State_freeQue__O 
*          0    000005dc    00000004     
                  000005dc    00000004     empty_pem3.oem3 (.const:ti_sysbios_knl_Mailbox_Instance_State_freeQue__O)

.const:ti_sysbios_knl_Mailbox_Instance_State_freeSem__O 
*          0    000005e0    00000004     
                  000005e0    00000004     empty_pem3.oem3 (.const:ti_sysbios_knl_Mailbox_Instance_State_freeSem__O)

.const:ti_sysbios_knl_Semaphore_Instance_State_pendQ__O 
*          0    000005e4    00000004     
                  000005e4    00000004     empty_pem3.oem3 (.const:ti_sysbios_knl_Semaphore_Instance_State_pendQ__O)

.data:ti_sysbios_knl_Task_Module__state__V 
*          0    20000100    00000044     UNINITIALIZED
                  20000100    00000044     empty_pem3.oem3 (.data:ti_sysbios_knl_Task_Module__state__V)

.data:ti_sysbios_family_arm_m3_Hwi_Module__state__V 
*          0    20000144    00000034     UNINITIALIZED
                  20000144    00000034     empty_pem3.oem3 (.data:ti_sysbios_family_arm_m3_Hwi_Module__state__V)

.data:ti_sysbios_BIOS_Module__state__V 
*          0    200001a4    00000024     UNINITIALIZED
                  200001a4    00000024     empty_pem3.oem3 (.data:ti_sysbios_BIOS_Module__state__V)

.data:ti_sysbios_knl_Swi_Module__state__V 
*          0    200001c8    0000001c     UNINITIALIZED
                  200001c8    0000001c     empty_pem3.oem3 (.data:ti_sysbios_knl_Swi_Module__state__V)

.data:ti_sysbios_family_arm_cc26xx_Timer_Module__state__V 
*          0    200001e4    00000008     UNINITIALIZED
                  200001e4    00000008     empty_pem3.oem3 (.data:ti_sysbios_family_arm_cc26xx_Timer_Module__state__V)

.data:xdc_runtime_System_Module__state__V 
*          0    200001f8    00000008     UNINITIALIZED
                  200001f8    00000008     empty_pem3.oem3 (.data:xdc_runtime_System_Module__state__V)

.bss       0    20000208    00001df1     UNINITIALIZED
                  20000208    00000800     (.common:sensorTaskStack)
                  20000a08    00000800     (.common:uartTaskStack)
                  20001208    00000400     (.common:ti_sysbios_heaps_HeapMem_Instance_State_0_buf__A)
                  20001608    00000200     empty_pem3.oem3 (.bss:taskStackSection)
                  20001808    0000012c     (.common:uartCC26XXObjects)
                  20001934    00000120     rtsv7M3_T_le_eabi.lib : trgmsg.c.obj (.bss:_CIOBUF_)
                  20001a54    000000e0     (.common:i2cCC26xxObjects)
                  20001b34    000000c8     (.common:ti_sysbios_family_arm_m3_Hwi_dispatchTable)
                  20001bfc    00000098     CWC_CC2650_154Drv.obj (.bss:rx_buf_0)
                  20001c94    00000098     CWC_CC2650_154Drv.obj (.bss:rx_buf_1)
                  20001d2c    00000080     (.common:xdc_runtime_SysMin_Module_State_0_outbuf__A)
                  20001dac    0000007c     drivers_cc26xxware.aem3 : PINCC26XX.oem3 (.bss:PIN_HandleTable)
                  20001e28    00000040     CWC_CC2650_154Drv.obj (.bss:rfc_CMD_IEEE_RX)
                  20001e68    00000034     drivers_cc26xxware.aem3 : PINCC26XX.oem3 (.bss:PinSwi)
                  20001e9c    0000002c     (.common:cpe0Params)
                  20001ec8    0000002c     (.common:cpe1Params)
                  20001ef4    00000020     (.common:PinGpioConfigTable)
[...]
1001c12f  xdc_runtime_Timestamp_SupportProxy_getFreq__E__mangled__                  
1001c12f  xdc_runtime_Timestamp_getFreq__E                                          
1001c12f  xdc_runtime_Timestamp_getFreq__E                                          
1001c13d  ti_sysbios_family_arm_m3_Hwi_Params__init__S                              
1001c13d  ti_sysbios_hal_Hwi_HwiProxy_Params__init__S                               
1001c13d  ti_sysbios_hal_Hwi_HwiProxy_Params__init__S__mangled__                    
1001c149  ti_sysbios_family_arm_m3_Hwi_disableFxn__E                                
1001c155  ti_sysbios_family_arm_m3_Hwi_enableFxn__E                                 
1001c161  ti_sysbios_family_arm_m3_TaskSupport_getStackAlignment__E                 
1001c161  ti_sysbios_knl_Task_SupportProxy_getStackAlignment__E__mangled__          
1001c16d  ti_sysbios_gates_GateHwi_enter__E                                         
1001c179  ti_sysbios_BIOS_RtsGateProxy_Params__init__S                              
1001c179  ti_sysbios_BIOS_RtsGateProxy_Params__init__S__mangled__                   
1001c179  ti_sysbios_gates_GateMutex_Params__init__S                                
1001c179  ti_sysbios_heaps_HeapMem_Module_GateProxy_Params__init__S                 
1001c179  ti_sysbios_heaps_HeapMem_Module_GateProxy_Params__init__S__mangled__      
1001c185  ti_sysbios_knl_Clock_Params__init__S                                      
1001c191  ti_sysbios_knl_Clock_getTimerHandle__E                                    
1001c19d  ti_sysbios_knl_Mailbox_Params__init__S                                    
1001c1a9  ti_sysbios_knl_Queue_dequeue__E                                           
1001c1b5  ti_sysbios_knl_Queue_enqueue__E                                           
1001c1c1  ti_sysbios_knl_Semaphore_Params__init__S                                  
1001c1cd  ti_sysbios_knl_Swi_Params__init__S                                        
1001c1d9  ti_sysbios_knl_Task_Params__init__S                                       
1001c1e5  ti_sysbios_knl_Task_self__E                                               
1001c1f1  ti_sysbios_hal_Hwi_Instance_finalize__E                                   
1001c1fb  ti_sysbios_family_arm_m3_Hwi_doSwiRestore__I                              
1001c203  ti_sysbios_family_arm_m3_Hwi_startup__E                                   
1001c203  ti_sysbios_hal_Hwi_HwiProxy_startup__E__mangled__                         
1001c20b  ti_sysbios_knl_Idle_loop__E                                               
1001c213  ti_sysbios_family_arm_m3_Hwi_doTaskRestore__I                             
1001c219  HwiP_restore                                                              
1001c219  ti_sysbios_family_arm_m3_Hwi_restoreFxn__E                                
1001c21f  ti_sysbios_gates_GateHwi_leave__E                                         
1001c22b  ti_sysbios_knl_Queue_Instance_init__E                                     
1001c231  ti_sysbios_knl_Queue_elemClear__E                                         
1001c237  ti_sysbios_knl_Swi_Module_startup__E                                      
1001c23d  ti_sysbios_knl_Swi_startup__E                                             
1001c243  ti_sysbios_knl_Task_enable__E                                             
1001c249  ti_sysbios_BIOS_RtsGateProxy_enter__E                                     
1001c24d  ti_sysbios_BIOS_RtsGateProxy_leave__E                                     
1001c251  ti_sysbios_family_arm_cc26xx_Timer_getExpiredTicks__E                     
1001c255  ti_sysbios_family_arm_cc26xx_Timer_getPeriod__E                           
1001c259  ti_sysbios_family_arm_cc26xx_Timer_setPeriod__E                           
1001c25d  ti_sysbios_family_arm_m3_Hwi_delete                                       
1001c261  ti_sysbios_family_arm_m3_Hwi_destruct                                     
1001c265  ti_sysbios_family_arm_m3_TaskSupport_Module__startupDone__S               
1001c265  ti_sysbios_knl_Task_SupportProxy_Module__startupDone__S__mangled__        
1001c269  ti_sysbios_gates_GateHwi_query__E                                         
1001c269  xdc_runtime_Main_Module_GateProxy_query__E                                
1001c269  xdc_runtime_System_Module_GateProxy_query__E                              
1001c269  xdc_runtime_System_Module_GateProxy_query__E__mangled__                   
1001c26d  ti_sysbios_gates_GateMutex_delete                                         
1001c271  ti_sysbios_gates_GateMutex_destruct                                       
1001c275  ti_sysbios_BIOS_RtsGateProxy_query__E                                     
1001c275  ti_sysbios_BIOS_RtsGateProxy_query__E__mangled__                          
1001c275  ti_sysbios_gates_GateMutex_query__E                                       
1001c275  ti_sysbios_heaps_HeapMem_Module_GateProxy_query__E                        
1001c275  ti_sysbios_heaps_HeapMem_Module_GateProxy_query__E__mangled__             
1001c279  ti_sysbios_hal_Hwi_HwiProxy_Module__startupDone__S                        
1001c27d  ti_sysbios_hal_Hwi_HwiProxy_delete                                        
1001c281  ti_sysbios_hal_Hwi_HwiProxy_disableInterrupt__E                           
1001c281  ti_sysbios_hal_Hwi_disableInterrupt__E                                    
1001c281  ti_sysbios_hal_Hwi_disableInterrupt__E                                    
1001c285  ti_sysbios_hal_Hwi_HwiProxy_enableInterrupt__E                            
1001c285  ti_sysbios_hal_Hwi_enableInterrupt__E                                     
1001c285  ti_sysbios_hal_Hwi_enableInterrupt__E                                     
1001c289  ti_sysbios_hal_Hwi_HwiProxy_getStackInfo__E                               
1001c289  ti_sysbios_hal_Hwi_getStackInfo__E                                        
1001c289  ti_sysbios_hal_Hwi_getStackInfo__E                                        
1001c28d  ti_sysbios_hal_Hwi_HwiProxy_startup__E                                    
1001c28d  ti_sysbios_hal_Hwi_startup__E                                             
1001c28d  ti_sysbios_hal_Hwi_startup__E                                             
1001c291  ti_sysbios_hal_Hwi_HwiProxy_switchFromBootStack__E                        
1001c295  ti_sysbios_hal_Hwi_delete                                                 
1001c299  ti_sysbios_hal_Hwi_switchFromBootStack__E                                 
1001c299  ti_sysbios_hal_Hwi_switchFromBootStack__E                                 
1001c29d  ti_sysbios_heaps_HeapMem_Module_GateProxy_enter__E                        
1001c2a1  ti_sysbios_heaps_HeapMem_Module_GateProxy_leave__E                        
1001c2a5  ti_sysbios_heaps_HeapMem_isBlocking__E                                    
1001c2a9  ti_sysbios_knl_Clock_TimerProxy_Module__startupDone__S                    
1001c2ad  ti_sysbios_knl_Clock_TimerProxy_getExpiredTicks__E                        
1001c2b1  ti_sysbios_knl_Clock_TimerProxy_getPeriod__E                              
1001c2b5  ti_sysbios_knl_Clock_delete                                               
1001c2b9  ti_sysbios_knl_Clock_destruct                                             
1001c2bd  ti_sysbios_knl_Clock_removeI__E                                           
1001c2c1  ti_sysbios_knl_Clock_setTimeout__E                                        
1001c2c5  ti_sysbios_knl_Mailbox_delete                                             
1001c2c9  ti_sysbios_knl_Mailbox_destruct                                           
1001c2cd  ti_sysbios_knl_Queue_delete                                               
1001c2d1  ti_sysbios_knl_Queue_destruct                                             
1001c2d5  ti_sysbios_knl_Queue_head__E                                              
1001c2d9  ti_sysbios_knl_Queue_next__E                                              
1001c2dd  ti_sysbios_knl_Semaphore_delete                                           
1001c2e1  ti_sysbios_knl_Semaphore_destruct                                         
1001c2e5  ti_sysbios_knl_Swi_delete                                                 
1001c2e9  ti_sysbios_knl_Swi_destruct                                               
1001c2ed  ti_sysbios_knl_Swi_postInit__I                                            
1001c2f1  ti_sysbios_knl_Task_SupportProxy_Module__startupDone__S                   
1001c2f5  ti_sysbios_knl_Task_SupportProxy_getStackAlignment__E                     
1001c2f9  ti_sysbios_knl_Task_SupportProxy_start__E                                 
1001c2fd  ti_sysbios_knl_Task_SupportProxy_swap__E                                  
1001c301  ti_sysbios_knl_Task_delete                                                
1001c305  ti_sysbios_knl_Task_destruct                                              
1001c309  ti_sysbios_knl_Task_startup__E                                            
1001c30d  xdc_runtime_Startup_startMods__I                                          
1001c405  xdc_runtime_Core_createObject__I                                          
1001c487  xdc_runtime_Error_policySpin__E                                           
1001c489  xdc_runtime_Memory_alloc__E                                               
1001c4f9  xdc_runtime_Core_deleteObject__I                                          
1001c559  xdc_runtime_Startup_exec__E                                               
1001c5a9  xdc_runtime_Assert_raise__I                                               
1001c5f1  xdc_runtime_Core_assignParams__I                                          
1001c639  xdc_runtime_Core_constructObject__I                                       
1001c681  xdc_runtime_System_atexit__E                                              
1001c6b9  xdc_runtime_System_processAtExit__E                                       
1001c6ed  xdc_runtime_Core_assignLabel__I                                           
1001c71d  xdc_runtime_Text_cordText__E                                              
1001c749  xdc_runtime_System_abort__E                                               
1001c769  xdc_runtime_Error_raiseX__E                                               
1001c785  xdc_runtime_Memory_valloc__E                                              
1001c7a1  xdc_runtime_Core_destructObject__I                                        
1001c7b9  xdc_runtime_Error_check__E                                                
1001c7d1  xdc_runtime_System_exit__E                                                
1001c7e9  xdc_runtime_Text_ropeText__E                                              
1001c801  xdc_runtime_Memory_free__E                                                
1001c811  xdc_runtime_SysCallback_abort__E                                          
1001c821  xdc_runtime_SysCallback_exit__E                                           
1001c831  xdc_runtime_Timestamp_SupportProxy_get32__E                               
1001c831  xdc_runtime_Timestamp_get32__E                                            
1001c831  xdc_runtime_Timestamp_get32__E                                            
1001c841  xdc_runtime_Error_init__E                                                 
1001c84d  xdc_runtime_Memory_calloc__E                                              
1001c859  xdc_runtime_Memory_getMaxDefaultTypeAlign__E                              
1001c879  xdc_runtime_Gate_leaveSystem__E                                           
1001c87f  xdc_runtime_System_Module_startup__E                                      
1001c885  xdc_runtime_Gate_enterSystem__E                                           
1001c889  xdc_runtime_Memory_HeapProxy_alloc__E                                     
1001c88d  xdc_runtime_Memory_HeapProxy_free__E                                      
1001c891  xdc_runtime_System_Module_GateProxy_enter__E                              
1001c895  xdc_runtime_System_Module_GateProxy_leave__E                              
1001c899  xdc_runtime_System_abortSpin__E                                           
1001c89b  xdc_runtime_System_exitSpin__E                                            
1001c89d  ti_sysbios_family_arm_m3_Hwi_dispatch__I                                  
1001c96d  ti_sysbios_family_arm_m3_TaskSupport_buildTaskStack                       
1001c9b9  ti_sysbios_family_arm_m3_Hwi_initStacks__E                                
1001ca01  ti_sysbios_family_arm_m3_Hwi_excHandlerAsm__I                             
1001ca21  ti_sysbios_family_xxx_Hwi_switchAndRunFunc                                
1001ca3f  ti_sysbios_family_arm_m3_Hwi_pendSV__I                                    
1001ca57  ti_sysbios_family_arm_m3_Hwi_return                                       
1001ca59  ti_sysbios_family_arm_m3_TaskSupport_glue                                 
1001ca69  ti_sysbios_family_arm_m3_TaskSupport_swap__E                              
1001ca69  ti_sysbios_knl_Task_SupportProxy_swap__E__mangled__                       
1001ca71  ti_sysbios_knl_Task_swapReturn                                            
1001ca9b  ti_sysbios_rom_cortexm_cc26xx_CC26xx_getRevision__E                       
20000000  __start___llvm_prf_cnts                                                   
20000000  __stop___llvm_prf_cnts                                                    
20000000  ti_sysbios_family_arm_m3_Hwi_ramVectors                                   
20000100  ti_sysbios_knl_Task_Module__state__V                                      
20000144  ti_sysbios_family_arm_m3_Hwi_Module__state__V                             
20000178  ti_sysbios_knl_Clock_Module__state__V                                     
200001a4  ti_sysbios_BIOS_Module__state__V                                          
200001c8  ti_sysbios_knl_Swi_Module__state__V                                       
200001e4  ti_sysbios_family_arm_cc26xx_Timer_Module__state__V                       
200001ec  ti_sysbios_family_arm_cc26xx_TimestampProvider_Module__state__V           
200001f0  xdc_runtime_Startup_Module__state__V                                      
200001f8  xdc_runtime_System_Module__state__V                                       
20000200  xdc_runtime_Memory_Module__state__V                                       
20000208  sensorTaskStack                                                           
20000a08  uartTaskStack                                                             
20001208  ti_sysbios_heaps_HeapMem_Instance_State_0_buf__A                          
20001608  ti_sysbios_knl_Task_Instance_State_0_stack__A                             
20001808  uartCC26XXObjects                                                         
20001934  __CIOBUF_                                                                 
20001a54  i2cCC26xxObjects                                                          
20001b34  ti_sysbios_family_arm_m3_Hwi_dispatchTable                                
20001d2c  xdc_runtime_SysMin_Module_State_0_outbuf__A                               
20001dac  PIN_HandleTable                                                           
20001e9c  cpe0Params                                                                
20001ec8  cpe1Params                                                                
20001f14  uartCC26XXRingBuffer                                                      
20001fd8  parmbuf                                                                   
20001fe0  PIN_NumPins                                                               
20001fe4  cpe0Handle                                                                
20001fe8  cpe1Handle                                                                
20001ff0  rx_read_entry                                                             
20001ff6  driverlib_release_0_47020                                                 
20002000  PowerCC26XX_module                                                        
2000218f  rssi                                                                      
20002190  ti_sysbios_knl_Task_Object__table__V                                      
200021e0  ti_sysbios_family_arm_cc26xx_Timer_Object__table__V                       
20002228  ti_sysbios_gates_GateMutex_Object__table__V                               
20002260  ti_sysbios_knl_Swi_Module_State_0_readyQ__A                               
20002290  ti_sysbios_knl_Swi_Object__table__V                                       
200022ec  ti_sysbios_knl_Clock_Object__table__V                                     
2000230c  ti_sysbios_knl_Task_Module_State_0_readyQ__A                              
2000232c  ti_sysbios_family_arm_m3_Hwi_Object__table__V                             
20002344  ti_sysbios_heaps_HeapMem_Object__table__V                                 
20002360  programState                                                              
20002368  ambientLight                                                              
20002370  xdc_runtime_SysMin_Module__state__V                                       
2000237c  _lock                                                                     
20002380  _unlock                                                                   
20002384  buttonConfig                                                              
2000238c  ledConfig                                                                 
2000239c  ti_sysbios_family_arm_m3_Hwi_Module__root__V                              
200023a4  ti_sysbios_gates_GateHwi_Module__root__V                                  
200023ac  ti_sysbios_gates_GateMutex_Module__root__V                                
200023b4  ti_sysbios_hal_Hwi_Module__root__V                                        
200023bc  ti_sysbios_heaps_HeapMem_Module__root__V                                  
200023c4  ti_sysbios_knl_Clock_Module__root__V                                      
200023cc  ti_sysbios_knl_Mailbox_Module__root__V                                    
200023d4  ti_sysbios_knl_Queue_Module__root__V                                      
200023dc  ti_sysbios_knl_Semaphore_Module__root__V                                  
200023e4  ti_sysbios_knl_Swi_Module__root__V                                        
200023ec  ti_sysbios_knl_Task_Module__root__V                                       
200023f4  xdc_runtime_Registry_Module__state__V                                     
200023fc  xdc_runtime_System_Module_State_0_atexitHandlers__A                       
20002404  errno                                                                     
20002408  main_func_sp                                                              
2000240c  ti_sysbios_family_arm_m3_Hwi_Module_State_0_excContext__A                 
20002410  ti_sysbios_family_arm_m3_Hwi_Module_State_0_excStack__A                   
20002414  ti_sysbios_knl_Task_Module_State_0_idleTask__A                            
20002418  ti_sysbios_family_arm_m3_Hwi_Module_State_0_excActive__A                  
20004d00  __stack                                                                   
20005000  __STACK_END                                                               
e000e000  ti_sysbios_family_arm_m3_Hwi_nvic                                         
ffffffff  __TI_pprof_out_hndl                                                       
ffffffff  __TI_prof_data_size                                                       
ffffffff  __TI_prof_data_start                                                      
ffffffff  __binit__                                                                 
ffffffff  __c_args__                                                                
ffffffff  binit                                                                     
UNDEFED   SHT$$INIT_ARRAY$$Base                                                     
UNDEFED   SHT$$INIT_ARRAY$$Limit                                                    

[832 symbols]
